Archive member included to satisfy reference by file (symbol)

e:/stm/gcc-arm-none-eabi-10.3-2021.10-win32/gcc-arm-none-eabi-10.3-2021.10/bin/../lib/gcc/arm-none-eabi/10.3.1/thumb/v7e-m/nofp\libgcc.a(_arm_mulsf3.o)
                              CMakeFiles/stm32pg.elf.dir/Core/Src/system_stm32h7xx.c.obj (__aeabi_fmul)
e:/stm/gcc-arm-none-eabi-10.3-2021.10-win32/gcc-arm-none-eabi-10.3-2021.10/bin/../lib/gcc/arm-none-eabi/10.3.1/thumb/v7e-m/nofp\libgcc.a(_arm_addsubsf3.o)
                              CMakeFiles/stm32pg.elf.dir/Core/Src/system_stm32h7xx.c.obj (__aeabi_fadd)
e:/stm/gcc-arm-none-eabi-10.3-2021.10-win32/gcc-arm-none-eabi-10.3-2021.10/bin/../lib/gcc/arm-none-eabi/10.3.1/thumb/v7e-m/nofp\libgcc.a(_arm_muldivsf3.o)
                              CMakeFiles/stm32pg.elf.dir/Core/Src/system_stm32h7xx.c.obj (__aeabi_fdiv)
e:/stm/gcc-arm-none-eabi-10.3-2021.10-win32/gcc-arm-none-eabi-10.3-2021.10/bin/../lib/gcc/arm-none-eabi/10.3.1/thumb/v7e-m/nofp\libgcc.a(_arm_fixunssfsi.o)
                              CMakeFiles/stm32pg.elf.dir/Core/Src/system_stm32h7xx.c.obj (__aeabi_f2uiz)
e:/stm/gcc-arm-none-eabi-10.3-2021.10-win32/gcc-arm-none-eabi-10.3-2021.10/bin/../lib/gcc/arm-none-eabi/10.3.1/thumb/v7e-m/nofp\libgcc.a(_aeabi_uldivmod.o)
                              CMakeFiles/stm32pg.elf.dir/Drivers/STM32H7xx_HAL_Driver/Src/stm32h7xx_hal_uart.c.obj (__aeabi_uldivmod)
e:/stm/gcc-arm-none-eabi-10.3-2021.10-win32/gcc-arm-none-eabi-10.3-2021.10/bin/../lib/gcc/arm-none-eabi/10.3.1/thumb/v7e-m/nofp\libgcc.a(_udivmoddi4.o)
                              e:/stm/gcc-arm-none-eabi-10.3-2021.10-win32/gcc-arm-none-eabi-10.3-2021.10/bin/../lib/gcc/arm-none-eabi/10.3.1/thumb/v7e-m/nofp\libgcc.a(_aeabi_uldivmod.o) (__udivmoddi4)
e:/stm/gcc-arm-none-eabi-10.3-2021.10-win32/gcc-arm-none-eabi-10.3-2021.10/bin/../lib/gcc/arm-none-eabi/10.3.1/thumb/v7e-m/nofp\libgcc.a(_dvmd_tls.o)
                              e:/stm/gcc-arm-none-eabi-10.3-2021.10-win32/gcc-arm-none-eabi-10.3-2021.10/bin/../lib/gcc/arm-none-eabi/10.3.1/thumb/v7e-m/nofp\libgcc.a(_aeabi_uldivmod.o) (__aeabi_ldiv0)
e:/stm/gcc-arm-none-eabi-10.3-2021.10-win32/gcc-arm-none-eabi-10.3-2021.10/bin/../lib/gcc/arm-none-eabi/10.3.1/../../../../arm-none-eabi/lib/thumb/v7e-m/nofp\libg.a(lib_a-errno.o)
                              CMakeFiles/stm32pg.elf.dir/Core/Src/syscalls.c.obj (__errno)
e:/stm/gcc-arm-none-eabi-10.3-2021.10-win32/gcc-arm-none-eabi-10.3-2021.10/bin/../lib/gcc/arm-none-eabi/10.3.1/../../../../arm-none-eabi/lib/thumb/v7e-m/nofp\libg.a(lib_a-exit.o)
                              e:/stm/gcc-arm-none-eabi-10.3-2021.10-win32/gcc-arm-none-eabi-10.3-2021.10/bin/../lib/gcc/arm-none-eabi/10.3.1/../../../../arm-none-eabi/lib/thumb/v7e-m/nofp/crt0.o (exit)
e:/stm/gcc-arm-none-eabi-10.3-2021.10-win32/gcc-arm-none-eabi-10.3-2021.10/bin/../lib/gcc/arm-none-eabi/10.3.1/../../../../arm-none-eabi/lib/thumb/v7e-m/nofp\libg.a(lib_a-impure.o)
                              e:/stm/gcc-arm-none-eabi-10.3-2021.10-win32/gcc-arm-none-eabi-10.3-2021.10/bin/../lib/gcc/arm-none-eabi/10.3.1/../../../../arm-none-eabi/lib/thumb/v7e-m/nofp\libg.a(lib_a-exit.o) (_global_impure_ptr)
e:/stm/gcc-arm-none-eabi-10.3-2021.10-win32/gcc-arm-none-eabi-10.3-2021.10/bin/../lib/gcc/arm-none-eabi/10.3.1/../../../../arm-none-eabi/lib/thumb/v7e-m/nofp\libg.a(lib_a-init.o)
                              e:/stm/gcc-arm-none-eabi-10.3-2021.10-win32/gcc-arm-none-eabi-10.3-2021.10/bin/../lib/gcc/arm-none-eabi/10.3.1/../../../../arm-none-eabi/lib/thumb/v7e-m/nofp/crt0.o (__libc_init_array)
e:/stm/gcc-arm-none-eabi-10.3-2021.10-win32/gcc-arm-none-eabi-10.3-2021.10/bin/../lib/gcc/arm-none-eabi/10.3.1/../../../../arm-none-eabi/lib/thumb/v7e-m/nofp\libg.a(lib_a-memset.o)
                              e:/stm/gcc-arm-none-eabi-10.3-2021.10-win32/gcc-arm-none-eabi-10.3-2021.10/bin/../lib/gcc/arm-none-eabi/10.3.1/../../../../arm-none-eabi/lib/thumb/v7e-m/nofp/crt0.o (memset)
e:/stm/gcc-arm-none-eabi-10.3-2021.10-win32/gcc-arm-none-eabi-10.3-2021.10/bin/../lib/gcc/arm-none-eabi/10.3.1/../../../../arm-none-eabi/lib/thumb/v7e-m/nofp\libg.a(lib_a-__call_atexit.o)
                              e:/stm/gcc-arm-none-eabi-10.3-2021.10-win32/gcc-arm-none-eabi-10.3-2021.10/bin/../lib/gcc/arm-none-eabi/10.3.1/../../../../arm-none-eabi/lib/thumb/v7e-m/nofp\libg.a(lib_a-exit.o) (__call_exitprocs)
e:/stm/gcc-arm-none-eabi-10.3-2021.10-win32/gcc-arm-none-eabi-10.3-2021.10/bin/../lib/gcc/arm-none-eabi/10.3.1/../../../../arm-none-eabi/lib/thumb/v7e-m/nofp\libg.a(lib_a-atexit.o)
                              e:/stm/gcc-arm-none-eabi-10.3-2021.10-win32/gcc-arm-none-eabi-10.3-2021.10/bin/../lib/gcc/arm-none-eabi/10.3.1/../../../../arm-none-eabi/lib/thumb/v7e-m/nofp\libg.a(lib_a-__call_atexit.o) (atexit)
e:/stm/gcc-arm-none-eabi-10.3-2021.10-win32/gcc-arm-none-eabi-10.3-2021.10/bin/../lib/gcc/arm-none-eabi/10.3.1/../../../../arm-none-eabi/lib/thumb/v7e-m/nofp\libg.a(lib_a-fini.o)
[...]
Memory Configuration

Name             Origin             Length             Attributes
FLASH            0x08000000         0x00200000         xr
DTCMRAM          0x20000000         0x00020000         xrw
RAM_D1           0x24000000         0x00080000         xrw
RAM_D2           0x30000000         0x00048000         xrw
RAM_D3           0x38000000         0x00010000         xrw
ITCMRAM          0x00000000         0x00010000         xrw
*default*        0x00000000         0xffffffff

Linker script and memory map

LOAD e:/stm/gcc-arm-none-eabi-10.3-2021.10-win32/gcc-arm-none-eabi-10.3-2021.10/bin/../lib/gcc/arm-none-eabi/10.3.1/thumb/v7e-m/nofp/crti.o
LOAD e:/stm/gcc-arm-none-eabi-10.3-2021.10-win32/gcc-arm-none-eabi-10.3-2021.10/bin/../lib/gcc/arm-none-eabi/10.3.1/thumb/v7e-m/nofp/crtbegin.o
LOAD e:/stm/gcc-arm-none-eabi-10.3-2021.10-win32/gcc-arm-none-eabi-10.3-2021.10/bin/../lib/gcc/arm-none-eabi/10.3.1/../../../../arm-none-eabi/lib/thumb/v7e-m/nofp/crt0.o
LOAD CMakeFiles/stm32pg.elf.dir/Core/Src/main.c.obj
LOAD CMakeFiles/stm32pg.elf.dir/Core/Src/stm32h7xx_hal_msp.c.obj
LOAD CMakeFiles/stm32pg.elf.dir/Core/Src/stm32h7xx_it.c.obj
LOAD CMakeFiles/stm32pg.elf.dir/Core/Src/syscalls.c.obj
LOAD CMakeFiles/stm32pg.elf.dir/Core/Src/sysmem.c.obj
LOAD CMakeFiles/stm32pg.elf.dir/Core/Src/system_stm32h7xx.c.obj
LOAD CMakeFiles/stm32pg.elf.dir/Core/Startup/startup_stm32h743iitx.s.obj
LOAD CMakeFiles/stm32pg.elf.dir/Drivers/STM32H7xx_HAL_Driver/Src/stm32h7xx_hal.c.obj
LOAD CMakeFiles/stm32pg.elf.dir/Drivers/STM32H7xx_HAL_Driver/Src/stm32h7xx_hal_cortex.c.obj
LOAD CMakeFiles/stm32pg.elf.dir/Drivers/STM32H7xx_HAL_Driver/Src/stm32h7xx_hal_dma.c.obj
LOAD CMakeFiles/stm32pg.elf.dir/Drivers/STM32H7xx_HAL_Driver/Src/stm32h7xx_hal_dma_ex.c.obj
LOAD CMakeFiles/stm32pg.elf.dir/Drivers/STM32H7xx_HAL_Driver/Src/stm32h7xx_hal_exti.c.obj
LOAD CMakeFiles/stm32pg.elf.dir/Drivers/STM32H7xx_HAL_Driver/Src/stm32h7xx_hal_flash.c.obj
LOAD CMakeFiles/stm32pg.elf.dir/Drivers/STM32H7xx_HAL_Driver/Src/stm32h7xx_hal_flash_ex.c.obj
LOAD CMakeFiles/stm32pg.elf.dir/Drivers/STM32H7xx_HAL_Driver/Src/stm32h7xx_hal_gpio.c.obj
LOAD CMakeFiles/stm32pg.elf.dir/Drivers/STM32H7xx_HAL_Driver/Src/stm32h7xx_hal_hsem.c.obj
LOAD CMakeFiles/stm32pg.elf.dir/Drivers/STM32H7xx_HAL_Driver/Src/stm32h7xx_hal_i2c.c.obj
LOAD CMakeFiles/stm32pg.elf.dir/Drivers/STM32H7xx_HAL_Driver/Src/stm32h7xx_hal_i2c_ex.c.obj
LOAD CMakeFiles/stm32pg.elf.dir/Drivers/STM32H7xx_HAL_Driver/Src/stm32h7xx_hal_mdma.c.obj
LOAD CMakeFiles/stm32pg.elf.dir/Drivers/STM32H7xx_HAL_Driver/Src/stm32h7xx_hal_pwr.c.obj
LOAD CMakeFiles/stm32pg.elf.dir/Drivers/STM32H7xx_HAL_Driver/Src/stm32h7xx_hal_pwr_ex.c.obj
LOAD CMakeFiles/stm32pg.elf.dir/Drivers/STM32H7xx_HAL_Driver/Src/stm32h7xx_hal_rcc.c.obj
LOAD CMakeFiles/stm32pg.elf.dir/Drivers/STM32H7xx_HAL_Driver/Src/stm32h7xx_hal_rcc_ex.c.obj
LOAD CMakeFiles/stm32pg.elf.dir/Drivers/STM32H7xx_HAL_Driver/Src/stm32h7xx_hal_tim.c.obj
LOAD CMakeFiles/stm32pg.elf.dir/Drivers/STM32H7xx_HAL_Driver/Src/stm32h7xx_hal_tim_ex.c.obj
LOAD CMakeFiles/stm32pg.elf.dir/Drivers/STM32H7xx_HAL_Driver/Src/stm32h7xx_hal_uart.c.obj
LOAD CMakeFiles/stm32pg.elf.dir/Drivers/STM32H7xx_HAL_Driver/Src/stm32h7xx_hal_uart_ex.c.obj
LOAD CMakeFiles/stm32pg.elf.dir/sys/Src/delay.c.obj
LOAD CMakeFiles/stm32pg.elf.dir/sys/Src/sys.c.obj
LOAD CMakeFiles/stm32pg.elf.dir/sys/Src/usart.c.obj
START GROUP
LOAD e:/stm/gcc-arm-none-eabi-10.3-2021.10-win32/gcc-arm-none-eabi-10.3-2021.10/bin/../lib/gcc/arm-none-eabi/10.3.1/thumb/v7e-m/nofp\libgcc.a
LOAD e:/stm/gcc-arm-none-eabi-10.3-2021.10-win32/gcc-arm-none-eabi-10.3-2021.10/bin/../lib/gcc/arm-none-eabi/10.3.1/../../../../arm-none-eabi/lib/thumb/v7e-m/nofp\libg.a
LOAD e:/stm/gcc-arm-none-eabi-10.3-2021.10-win32/gcc-arm-none-eabi-10.3-2021.10/bin/../lib/gcc/arm-none-eabi/10.3.1/../../../../arm-none-eabi/lib/thumb/v7e-m/nofp\libc.a
END GROUP
LOAD e:/stm/gcc-arm-none-eabi-10.3-2021.10-win32/gcc-arm-none-eabi-10.3-2021.10/bin/../lib/gcc/arm-none-eabi/10.3.1/thumb/v7e-m/nofp/crtend.o
LOAD e:/stm/gcc-arm-none-eabi-10.3-2021.10-win32/gcc-arm-none-eabi-10.3-2021.10/bin/../lib/gcc/arm-none-eabi/10.3.1/thumb/v7e-m/nofp/crtn.o
                0x24080000                _estack = (ORIGIN (RAM_D1) + LENGTH (RAM_D1))
                0x00000200                _Min_Heap_Size = 0x200
                0x00000400                _Min_Stack_Size = 0x400

.isr_vector     0x08000000      0x298
                0x08000000                . = ALIGN (0x4)
 *(.isr_vector)
 .isr_vector    0x08000000      0x298 CMakeFiles/stm32pg.elf.dir/Core/Startup/startup_stm32h743iitx.s.obj
                0x08000000                g_pfnVectors
                0x08000298                . = ALIGN (0x4)

.text           0x08000298     0x4d44
                0x08000298                . = ALIGN (0x4)
 *(.text)
 .text          0x08000298       0x40 e:/stm/gcc-arm-none-eabi-10.3-2021.10-win32/gcc-arm-none-eabi-10.3-2021.10/bin/../lib/gcc/arm-none-eabi/10.3.1/thumb/v7e-m/nofp/crtbegin.o
 .text          0x080002d8      0x21c e:/stm/gcc-arm-none-eabi-10.3-2021.10-win32/gcc-arm-none-eabi-10.3-2021.10/bin/../lib/gcc/arm-none-eabi/10.3.1/thumb/v7e-m/nofp\libgcc.a(_arm_addsubsf3.o)
                0x080002d8                __aeabi_frsub
                0x080002e0                __subsf3
                0x080002e0                __aeabi_fsub
                0x080002e4                __aeabi_fadd
                0x080002e4                __addsf3
                0x08000444                __aeabi_ui2f
                0x08000444                __floatunsisf
                0x0800044c                __aeabi_i2f
                0x0800044c                __floatsisf
                0x08000468                __aeabi_ul2f
                0x08000468                __floatundisf
                0x08000478                __aeabi_l2f
                0x08000478                __floatdisf
 .text          0x080004f4      0x2a0 e:/stm/gcc-arm-none-eabi-10.3-2021.10-win32/gcc-arm-none-eabi-10.3-2021.10/bin/../lib/gcc/arm-none-eabi/10.3.1/thumb/v7e-m/nofp\libgcc.a(_arm_muldivsf3.o)
                0x080004f4                __mulsf3
                0x080004f4                __aeabi_fmul
                0x0800065c                __aeabi_fdiv
                0x0800065c                __divsf3
 .text          0x08000794       0x40 e:/stm/gcc-arm-none-eabi-10.3-2021.10-win32/gcc-arm-none-eabi-10.3-2021.10/bin/../lib/gcc/arm-none-eabi/10.3.1/thumb/v7e-m/nofp\libgcc.a(_arm_fixunssfsi.o)
                0x08000794                __fixunssfsi
                0x08000794                __aeabi_f2uiz
 .text          0x080007d4       0x30 e:/stm/gcc-arm-none-eabi-10.3-2021.10-win32/gcc-arm-none-eabi-10.3-2021.10/bin/../lib/gcc/arm-none-eabi/10.3.1/thumb/v7e-m/nofp\libgcc.a(_aeabi_uldivmod.o)
                0x080007d4                __aeabi_uldivmod
 .text          0x08000804      0x2d0 e:/stm/gcc-arm-none-eabi-10.3-2021.10-win32/gcc-arm-none-eabi-10.3-2021.10/bin/../lib/gcc/arm-none-eabi/10.3.1/thumb/v7e-m/nofp\libgcc.a(_udivmoddi4.o)
                0x08000804                __udivmoddi4
 .text          0x08000ad4        0x4 e:/stm/gcc-arm-none-eabi-10.3-2021.10-win32/gcc-arm-none-eabi-10.3-2021.10/bin/../lib/gcc/arm-none-eabi/10.3.1/thumb/v7e-m/nofp\libgcc.a(_dvmd_tls.o)
                0x08000ad4                __aeabi_idiv0
                0x08000ad4                __aeabi_ldiv0
 *(.text*)
 .text.MX_GPIO_Init
                0x08000ad8       0x74 CMakeFiles/stm32pg.elf.dir/Core/Src/main.c.obj
 .text.Error_Handler
                0x08000b4c        0x4 CMakeFiles/stm32pg.elf.dir/Core/Src/main.c.obj
                0x08000b4c                Error_Handler
 .text.MX_USART1_UART_Init
                0x08000b50       0x70 CMakeFiles/stm32pg.elf.dir/Core/Src/main.c.obj
 .text.SystemClock_Config
                0x08000bc0       0xa8 CMakeFiles/stm32pg.elf.dir/Core/Src/main.c.obj
                0x08000bc0                SystemClock_Config
 .text.main     0x08000c68       0xd8 CMakeFiles/stm32pg.elf.dir/Core/Src/main.c.obj
                0x08000c68                main
 .text.HAL_MspInit
                0x08000d40       0x30 CMakeFiles/stm32pg.elf.dir/Core/Src/stm32h7xx_hal_msp.c.obj
                0x08000d40                HAL_MspInit
 .text.HAL_UART_MspInit
                0x08000d70       0xa8 CMakeFiles/stm32pg.elf.dir/Core/Src/stm32h7xx_hal_msp.c.obj
                0x08000d70                HAL_UART_MspInit
 .text.NMI_Handler
                0x08000e18        0x2 CMakeFiles/stm32pg.elf.dir/Core/Src/stm32h7xx_it.c.obj
                0x08000e18                NMI_Handler
 .text.HardFault_Handler
                0x08000e1a        0x2 CMakeFiles/stm32pg.elf.dir/Core/Src/stm32h7xx_it.c.obj
                0x08000e1a                HardFault_Handler
 .text.MemManage_Handler
                0x08000e1c        0x2 CMakeFiles/stm32pg.elf.dir/Core/Src/stm32h7xx_it.c.obj
                0x08000e1c                MemManage_Handler
 .text.BusFault_Handler
                0x08000e1e        0x2 CMakeFiles/stm32pg.elf.dir/Core/Src/stm32h7xx_it.c.obj
                0x08000e1e                BusFault_Handler
 .text.UsageFault_Handler
                0x08000e20        0x2 CMakeFiles/stm32pg.elf.dir/Core/Src/stm32h7xx_it.c.obj
                0x08000e20                UsageFault_Handler
 .text.SVC_Handler
                0x08000e22        0x2 CMakeFiles/stm32pg.elf.dir/Core/Src/stm32h7xx_it.c.obj
                0x08000e22                SVC_Handler
 .text.DebugMon_Handler
                0x08000e24        0x2 CMakeFiles/stm32pg.elf.dir/Core/Src/stm32h7xx_it.c.obj
                0x08000e24                DebugMon_Handler
 .text.PendSV_Handler
                0x08000e26        0x2 CMakeFiles/stm32pg.elf.dir/Core/Src/stm32h7xx_it.c.obj
                0x08000e26                PendSV_Handler
 .text.SysTick_Handler
                0x08000e28        0x8 CMakeFiles/stm32pg.elf.dir/Core/Src/stm32h7xx_it.c.obj
                0x08000e28                SysTick_Handler
 .text.USART1_IRQHandler
                0x08000e30       0x40 CMakeFiles/stm32pg.elf.dir/Core/Src/stm32h7xx_it.c.obj
                0x08000e30                USART1_IRQHandler
 .text.SystemInit
                0x08000e70       0xbc CMakeFiles/stm32pg.elf.dir/Core/Src/system_stm32h7xx.c.obj
                0x08000e70                SystemInit
 .text.Reset_Handler
                0x08000f2c       0x50 CMakeFiles/stm32pg.elf.dir/Core/Startup/startup_stm32h743iitx.s.obj
                0x08000f2c                Reset_Handler
 .text.Default_Handler
                0x08000f7c        0x2 CMakeFiles/stm32pg.elf.dir/Core/Startup/startup_stm32h743iitx.s.obj
                0x08000f7c                RTC_Alarm_IRQHandler
                0x08000f7c                EXTI2_IRQHandler
                0x08000f7c                TIM8_CC_IRQHandler
                0x08000f7c                HRTIM1_Master_IRQHandler
                0x08000f7c                UART8_IRQHandler
                0x08000f7c                SPI4_IRQHandler
                0x08000f7c                TIM1_CC_IRQHandler
                0x08000f7c                BDMA_Channel6_IRQHandler
                0x08000f7c                DMA2_Stream5_IRQHandler
                0x08000f7c                HRTIM1_FLT_IRQHandler
                0x08000f7c                JPEG_IRQHandler
                0x08000f7c                DMA1_Stream5_IRQHandler
                0x08000f7c                BDMA_Channel1_IRQHandler
                0x08000f7c                HRTIM1_TIMD_IRQHandler
                0x08000f7c                TAMP_STAMP_IRQHandler
                0x08000f7c                EXTI3_IRQHandler
                0x08000f7c                LPTIM4_IRQHandler
                0x08000f7c                TIM8_TRG_COM_TIM14_IRQHandler
                0x08000f7c                LPTIM2_IRQHandler
                0x08000f7c                DFSDM1_FLT1_IRQHandler
                0x08000f7c                DMAMUX2_OVR_IRQHandler
                0x08000f7c                TIM8_UP_TIM13_IRQHandler
                0x08000f7c                I2C3_ER_IRQHandler
                0x08000f7c                DFSDM1_FLT2_IRQHandler
                0x08000f7c                MDMA_IRQHandler
                0x08000f7c                LPTIM3_IRQHandler
                0x08000f7c                HSEM1_IRQHandler
                0x08000f7c                EXTI0_IRQHandler
                0x08000f7c                I2C2_EV_IRQHandler
                0x08000f7c                DMA1_Stream2_IRQHandler
                0x08000f7c                FPU_IRQHandler
                0x08000f7c                OTG_HS_WKUP_IRQHandler
                0x08000f7c                FDCAN1_IT1_IRQHandler
                0x08000f7c                LTDC_ER_IRQHandler
                0x08000f7c                DMA2_Stream2_IRQHandler
                0x08000f7c                HRTIM1_TIME_IRQHandler
                0x08000f7c                SPI1_IRQHandler
                0x08000f7c                TIM6_DAC_IRQHandler
                0x08000f7c                DCMI_IRQHandler
                0x08000f7c                HRTIM1_TIMC_IRQHandler
                0x08000f7c                DMA2_Stream3_IRQHandler
                0x08000f7c                SAI2_IRQHandler
                0x08000f7c                DFSDM1_FLT3_IRQHandler
                0x08000f7c                USART6_IRQHandler
                0x08000f7c                TIM17_IRQHandler
                0x08000f7c                USART3_IRQHandler
                0x08000f7c                BDMA_Channel7_IRQHandler
                0x08000f7c                LPTIM5_IRQHandler
                0x08000f7c                UART5_IRQHandler
                0x08000f7c                ADC3_IRQHandler
                0x08000f7c                DMA2_Stream0_IRQHandler
                0x08000f7c                TIM4_IRQHandler
                0x08000f7c                BDMA_Channel2_IRQHandler
                0x08000f7c                QUADSPI_IRQHandler
                0x08000f7c                I2C1_EV_IRQHandler
                0x08000f7c                DMA1_Stream6_IRQHandler
                0x08000f7c                DMAMUX1_OVR_IRQHandler
                0x08000f7c                DMA1_Stream1_IRQHandler
                0x08000f7c                TIM16_IRQHandler
                0x08000f7c                UART4_IRQHandler
                0x08000f7c                BDMA_Channel5_IRQHandler
                0x08000f7c                TIM3_IRQHandler
                0x08000f7c                RCC_IRQHandler
                0x08000f7c                TIM8_BRK_TIM12_IRQHandler
                0x08000f7c                TIM1_TRG_COM_IRQHandler
                0x08000f7c                Default_Handler
                0x08000f7c                ECC_IRQHandler
                0x08000f7c                CEC_IRQHandler
                0x08000f7c                EXTI15_10_IRQHandler
                0x08000f7c                BDMA_Channel0_IRQHandler
                0x08000f7c                ADC_IRQHandler
                0x08000f7c                DMA1_Stream7_IRQHandler
                0x08000f7c                HRTIM1_TIMA_IRQHandler
                0x08000f7c                SPI5_IRQHandler
                0x08000f7c                TIM7_IRQHandler
                0x08000f7c                SDMMC1_IRQHandler
                0x08000f7c                TIM5_IRQHandler
                0x08000f7c                DMA2_Stream7_IRQHandler
                0x08000f7c                TIM15_IRQHandler
                0x08000f7c                PVD_AVD_IRQHandler
                0x08000f7c                I2C3_EV_IRQHandler
                0x08000f7c                EXTI9_5_IRQHandler
                0x08000f7c                RTC_WKUP_IRQHandler
                0x08000f7c                LTDC_IRQHandler
                0x08000f7c                SAI3_IRQHandler
                0x08000f7c                ETH_WKUP_IRQHandler
                0x08000f7c                SPDIF_RX_IRQHandler
                0x08000f7c                SPI2_IRQHandler
                0x08000f7c                OTG_HS_EP1_IN_IRQHandler
                0x08000f7c                DMA1_Stream0_IRQHandler
                0x08000f7c                CRS_IRQHandler
                0x08000f7c                EXTI4_IRQHandler
                0x08000f7c                RNG_IRQHandler
                0x08000f7c                HRTIM1_TIMB_IRQHandler
                0x08000f7c                FDCAN2_IT1_IRQHandler
                0x08000f7c                ETH_IRQHandler
                0x08000f7c                TIM1_UP_IRQHandler
                0x08000f7c                BDMA_Channel4_IRQHandler
                0x08000f7c                OTG_HS_EP1_OUT_IRQHandler
                0x08000f7c                WWDG_IRQHandler
                0x08000f7c                SPI6_IRQHandler
                0x08000f7c                MDIOS_IRQHandler
                0x08000f7c                I2C4_EV_IRQHandler
                0x08000f7c                FDCAN2_IT0_IRQHandler
                0x08000f7c                LPUART1_IRQHandler
                0x08000f7c                FDCAN1_IT0_IRQHandler
                0x08000f7c                TIM2_IRQHandler
                0x08000f7c                OTG_FS_WKUP_IRQHandler
                0x08000f7c                OTG_HS_IRQHandler
                0x08000f7c                DMA2D_IRQHandler
                0x08000f7c                TIM1_BRK_IRQHandler
                0x08000f7c                EXTI1_IRQHandler
                0x08000f7c                SDMMC2_IRQHandler
                0x08000f7c                OTG_FS_EP1_OUT_IRQHandler
                0x08000f7c                BDMA_Channel3_IRQHandler
                0x08000f7c                UART7_IRQHandler
                0x08000f7c                MDIOS_WKUP_IRQHandler
                0x08000f7c                USART2_IRQHandler
                0x08000f7c                DFSDM1_FLT0_IRQHandler
                0x08000f7c                SAI4_IRQHandler
                0x08000f7c                I2C2_ER_IRQHandler
                0x08000f7c                DMA2_Stream1_IRQHandler
                0x08000f7c                FLASH_IRQHandler
                0x08000f7c                DMA2_Stream4_IRQHandler
                0x08000f7c                OTG_FS_IRQHandler
                0x08000f7c                SPI3_IRQHandler
                0x08000f7c                WAKEUP_PIN_IRQHandler
                0x08000f7c                DMA1_Stream4_IRQHandler
                0x08000f7c                OTG_FS_EP1_IN_IRQHandler
                0x08000f7c                I2C1_ER_IRQHandler
                0x08000f7c                FMC_IRQHandler
                0x08000f7c                FDCAN_CAL_IRQHandler
                0x08000f7c                SWPMI1_IRQHandler
                0x08000f7c                COMP1_IRQHandler
                0x08000f7c                LPTIM1_IRQHandler
                0x08000f7c                I2C4_ER_IRQHandler
                0x08000f7c                DMA2_Stream6_IRQHandler
                0x08000f7c                SAI1_IRQHandler
                0x08000f7c                DMA1_Stream3_IRQHandler
 *fill*         0x08000f7e        0x2 
 .text.HAL_InitTick
                0x08000f80       0x50 CMakeFiles/stm32pg.elf.dir/Drivers/STM32H7xx_HAL_Driver/Src/stm32h7xx_hal.c.obj
                0x08000f80                HAL_InitTick
 .text.HAL_Init
                0x08000fd0       0x5c CMakeFiles/stm32pg.elf.dir/Drivers/STM32H7xx_HAL_Driver/Src/stm32h7xx_hal.c.obj
                0x08000fd0                HAL_Init
 .text.HAL_IncTick
                0x0800102c       0x18 CMakeFiles/stm32pg.elf.dir/Drivers/STM32H7xx_HAL_Driver/Src/stm32h7xx_hal.c.obj
                0x0800102c                HAL_IncTick
 .text.HAL_GetTick
                0x08001044        0xc CMakeFiles/stm32pg.elf.dir/Drivers/STM32H7xx_HAL_Driver/Src/stm32h7xx_hal.c.obj
                0x08001044                HAL_GetTick
 .text.HAL_GetREVID
                0x08001050        0xc CMakeFiles/stm32pg.elf.dir/Drivers/STM32H7xx_HAL_Driver/Src/stm32h7xx_hal.c.obj
                0x08001050                HAL_GetREVID
 .text.HAL_EnableCompensationCell
                0x0800105c       0x10 CMakeFiles/stm32pg.elf.dir/Drivers/STM32H7xx_HAL_Driver/Src/stm32h7xx_hal.c.obj
                0x0800105c                HAL_EnableCompensationCell
 .text.HAL_NVIC_SetPriorityGrouping
                0x0800106c       0x24 CMakeFiles/stm32pg.elf.dir/Drivers/STM32H7xx_HAL_Driver/Src/stm32h7xx_hal_cortex.c.obj
                0x0800106c                HAL_NVIC_SetPriorityGrouping
 .text.HAL_NVIC_SetPriority
                0x08001090       0x6c CMakeFiles/stm32pg.elf.dir/Drivers/STM32H7xx_HAL_Driver/Src/stm32h7xx_hal_cortex.c.obj
                0x08001090                HAL_NVIC_SetPriority
 .text.HAL_NVIC_EnableIRQ
                0x080010fc       0x1c CMakeFiles/stm32pg.elf.dir/Drivers/STM32H7xx_HAL_Driver/Src/stm32h7xx_hal_cortex.c.obj
                0x080010fc                HAL_NVIC_EnableIRQ
 .text.HAL_SYSTICK_Config
                0x08001118       0x28 CMakeFiles/stm32pg.elf.dir/Drivers/STM32H7xx_HAL_Driver/Src/stm32h7xx_hal_cortex.c.obj
                0x08001118                HAL_SYSTICK_Config
 .text.HAL_SYSTICK_CLKSourceConfig
                0x08001140       0x20 CMakeFiles/stm32pg.elf.dir/Drivers/STM32H7xx_HAL_Driver/Src/stm32h7xx_hal_cortex.c.obj
                0x08001140                HAL_SYSTICK_CLKSourceConfig
 .text.HAL_DMA_Abort
                0x08001160      0x340 CMakeFiles/stm32pg.elf.dir/Drivers/STM32H7xx_HAL_Driver/Src/stm32h7xx_hal_dma.c.obj
                0x08001160                HAL_DMA_Abort
 .text.HAL_DMA_Abort_IT
                0x080014a0      0x270 CMakeFiles/stm32pg.elf.dir/Drivers/STM32H7xx_HAL_Driver/Src/stm32h7xx_hal_dma.c.obj
                0x080014a0                HAL_DMA_Abort_IT
 .text.HAL_GPIO_Init
                0x08001710      0x228 CMakeFiles/stm32pg.elf.dir/Drivers/STM32H7xx_HAL_Driver/Src/stm32h7xx_hal_gpio.c.obj
                0x08001710                HAL_GPIO_Init
 .text.HAL_GPIO_WritePin
                0x08001938        0xc CMakeFiles/stm32pg.elf.dir/Drivers/STM32H7xx_HAL_Driver/Src/stm32h7xx_hal_gpio.c.obj
                0x08001938                HAL_GPIO_WritePin
 .text.HAL_PWREx_ConfigSupply
                0x08001944       0x54 CMakeFiles/stm32pg.elf.dir/Drivers/STM32H7xx_HAL_Driver/Src/stm32h7xx_hal_pwr_ex.c.obj
                0x08001944                HAL_PWREx_ConfigSupply
 .text.HAL_RCC_OscConfig
                0x08001998      0x6b4 CMakeFiles/stm32pg.elf.dir/Drivers/STM32H7xx_HAL_Driver/Src/stm32h7xx_hal_rcc.c.obj
                0x08001998                HAL_RCC_OscConfig
 .text.HAL_RCC_GetSysClockFreq
                0x0800204c      0x218 CMakeFiles/stm32pg.elf.dir/Drivers/STM32H7xx_HAL_Driver/Src/stm32h7xx_hal_rcc.c.obj
                0x0800204c                HAL_RCC_GetSysClockFreq
 .text.HAL_RCC_ClockConfig
                0x08002264      0x294 CMakeFiles/stm32pg.elf.dir/Drivers/STM32H7xx_HAL_Driver/Src/stm32h7xx_hal_rcc.c.obj
                0x08002264                HAL_RCC_ClockConfig
 .text.HAL_RCC_GetHCLKFreq
                0x080024f8       0x44 CMakeFiles/stm32pg.elf.dir/Drivers/STM32H7xx_HAL_Driver/Src/stm32h7xx_hal_rcc.c.obj
                0x080024f8                HAL_RCC_GetHCLKFreq
 .text.HAL_RCC_GetPCLK1Freq
                0x0800253c       0x24 CMakeFiles/stm32pg.elf.dir/Drivers/STM32H7xx_HAL_Driver/Src/stm32h7xx_hal_rcc.c.obj
                0x0800253c                HAL_RCC_GetPCLK1Freq
 .text.HAL_RCC_GetPCLK2Freq
                0x08002560       0x24 CMakeFiles/stm32pg.elf.dir/Drivers/STM32H7xx_HAL_Driver/Src/stm32h7xx_hal_rcc.c.obj
                0x08002560                HAL_RCC_GetPCLK2Freq
 .text.RCCEx_PLL2_Config
                0x08002584      0x10c CMakeFiles/stm32pg.elf.dir/Drivers/STM32H7xx_HAL_Driver/Src/stm32h7xx_hal_rcc_ex.c.obj
 .text.RCCEx_PLL3_Config
                0x08002690      0x10c CMakeFiles/stm32pg.elf.dir/Drivers/STM32H7xx_HAL_Driver/Src/stm32h7xx_hal_rcc_ex.c.obj
 .text.HAL_RCCEx_PeriphCLKConfig
                0x0800279c      0xa8c CMakeFiles/stm32pg.elf.dir/Drivers/STM32H7xx_HAL_Driver/Src/stm32h7xx_hal_rcc_ex.c.obj
                0x0800279c                HAL_RCCEx_PeriphCLKConfig
 .text.HAL_RCCEx_GetD3PCLK1Freq
                0x08003228       0x24 CMakeFiles/stm32pg.elf.dir/Drivers/STM32H7xx_HAL_Driver/Src/stm32h7xx_hal_rcc_ex.c.obj
                0x08003228                HAL_RCCEx_GetD3PCLK1Freq
 .text.HAL_RCCEx_GetPLL2ClockFreq
                0x0800324c      0x234 CMakeFiles/stm32pg.elf.dir/Drivers/STM32H7xx_HAL_Driver/Src/stm32h7xx_hal_rcc_ex.c.obj
                0x0800324c                HAL_RCCEx_GetPLL2ClockFreq
 .text.HAL_RCCEx_GetPLL3ClockFreq
                0x08003480      0x234 CMakeFiles/stm32pg.elf.dir/Drivers/STM32H7xx_HAL_Driver/Src/stm32h7xx_hal_rcc_ex.c.obj
                0x08003480                HAL_RCCEx_GetPLL3ClockFreq
 .text.UART_EndRxTransfer
                0x080036b4       0x58 CMakeFiles/stm32pg.elf.dir/Drivers/STM32H7xx_HAL_Driver/Src/stm32h7xx_hal_uart.c.obj
 .text.HAL_UART_TxCpltCallback
                0x0800370c        0x2 CMakeFiles/stm32pg.elf.dir/Drivers/STM32H7xx_HAL_Driver/Src/stm32h7xx_hal_uart.c.obj
                0x0800370c                HAL_UART_TxCpltCallback
 .text.UART_EndTransmit_IT
                0x0800370e       0x24 CMakeFiles/stm32pg.elf.dir/Drivers/STM32H7xx_HAL_Driver/Src/stm32h7xx_hal_uart.c.obj
 .text.HAL_UART_ErrorCallback
                0x08003732        0x2 CMakeFiles/stm32pg.elf.dir/Drivers/STM32H7xx_HAL_Driver/Src/stm32h7xx_hal_uart.c.obj
                0x08003732                HAL_UART_ErrorCallback
 .text.UART_DMAAbortOnError
                0x08003734       0x14 CMakeFiles/stm32pg.elf.dir/Drivers/STM32H7xx_HAL_Driver/Src/stm32h7xx_hal_uart.c.obj
 .text.HAL_UARTEx_RxEventCallback
                0x08003748        0x2 CMakeFiles/stm32pg.elf.dir/Drivers/STM32H7xx_HAL_Driver/Src/stm32h7xx_hal_uart.c.obj
                0x08003748                HAL_UARTEx_RxEventCallback
 *fill*         0x0800374a        0x2 
 .text.HAL_UART_IRQHandler
                0x0800374c      0x3b8 CMakeFiles/stm32pg.elf.dir/Drivers/STM32H7xx_HAL_Driver/Src/stm32h7xx_hal_uart.c.obj
                0x0800374c                HAL_UART_IRQHandler
 .text.UART_RxISR_8BIT
                0x08003b04       0xdc CMakeFiles/stm32pg.elf.dir/Drivers/STM32H7xx_HAL_Driver/Src/stm32h7xx_hal_uart.c.obj
 .text.UART_RxISR_16BIT
                0x08003be0       0xd8 CMakeFiles/stm32pg.elf.dir/Drivers/STM32H7xx_HAL_Driver/Src/stm32h7xx_hal_uart.c.obj
 .text.UART_RxISR_8BIT_FIFOEN
                0x08003cb8      0x1cc CMakeFiles/stm32pg.elf.dir/Drivers/STM32H7xx_HAL_Driver/Src/stm32h7xx_hal_uart.c.obj
 .text.UART_RxISR_16BIT_FIFOEN
                0x08003e84      0x1c8 CMakeFiles/stm32pg.elf.dir/Drivers/STM32H7xx_HAL_Driver/Src/stm32h7xx_hal_uart.c.obj
 .text.HAL_UART_GetState
                0x0800404c        0xc CMakeFiles/stm32pg.elf.dir/Drivers/STM32H7xx_HAL_Driver/Src/stm32h7xx_hal_uart.c.obj
                0x0800404c                HAL_UART_GetState
 .text.UART_SetConfig
                0x08004058      0x5f4 CMakeFiles/stm32pg.elf.dir/Drivers/STM32H7xx_HAL_Driver/Src/stm32h7xx_hal_uart.c.obj
                0x08004058                UART_SetConfig
 .text.UART_AdvFeatureConfig
                0x0800464c       0xca CMakeFiles/stm32pg.elf.dir/Drivers/STM32H7xx_HAL_Driver/Src/stm32h7xx_hal_uart.c.obj
                0x0800464c                UART_AdvFeatureConfig
 .text.UART_WaitOnFlagUntilTimeout
                0x08004716       0x9a CMakeFiles/stm32pg.elf.dir/Drivers/STM32H7xx_HAL_Driver/Src/stm32h7xx_hal_uart.c.obj
                0x08004716                UART_WaitOnFlagUntilTimeout
 .text.UART_CheckIdleState
                0x080047b0       0xca CMakeFiles/stm32pg.elf.dir/Drivers/STM32H7xx_HAL_Driver/Src/stm32h7xx_hal_uart.c.obj
                0x080047b0                UART_CheckIdleState
 .text.HAL_UART_Init
                0x0800487a       0x66 CMakeFiles/stm32pg.elf.dir/Drivers/STM32H7xx_HAL_Driver/Src/stm32h7xx_hal_uart.c.obj
                0x0800487a                HAL_UART_Init
 .text.UART_Start_Receive_IT
                0x080048e0      0x13c CMakeFiles/stm32pg.elf.dir/Drivers/STM32H7xx_HAL_Driver/Src/stm32h7xx_hal_uart.c.obj
                0x080048e0                UART_Start_Receive_IT
 .text.HAL_UART_Receive_IT
                0x08004a1c       0x4c CMakeFiles/stm32pg.elf.dir/Drivers/STM32H7xx_HAL_Driver/Src/stm32h7xx_hal_uart.c.obj
                0x08004a1c                HAL_UART_Receive_IT
 .text.UARTEx_SetNbDataToProcess
                0x08004a68       0x4c CMakeFiles/stm32pg.elf.dir/Drivers/STM32H7xx_HAL_Driver/Src/stm32h7xx_hal_uart_ex.c.obj
 .text.HAL_UARTEx_WakeupCallback
                0x08004ab4        0x2 CMakeFiles/stm32pg.elf.dir/Drivers/STM32H7xx_HAL_Driver/Src/stm32h7xx_hal_uart_ex.c.obj
                0x08004ab4                HAL_UARTEx_WakeupCallback
 .text.HAL_UARTEx_RxFifoFullCallback
                0x08004ab6        0x2 CMakeFiles/stm32pg.elf.dir/Drivers/STM32H7xx_HAL_Driver/Src/stm32h7xx_hal_uart_ex.c.obj
                0x08004ab6                HAL_UARTEx_RxFifoFullCallback
 .text.HAL_UARTEx_TxFifoEmptyCallback
                0x08004ab8        0x2 CMakeFiles/stm32pg.elf.dir/Drivers/STM32H7xx_HAL_Driver/Src/stm32h7xx_hal_uart_ex.c.obj
                0x08004ab8                HAL_UARTEx_TxFifoEmptyCallback
 .text.HAL_UARTEx_DisableFifoMode
                0x08004aba       0x3e CMakeFiles/stm32pg.elf.dir/Drivers/STM32H7xx_HAL_Driver/Src/stm32h7xx_hal_uart_ex.c.obj
                0x08004aba                HAL_UARTEx_DisableFifoMode
 .text.HAL_UARTEx_SetTxFifoThreshold
                0x08004af8       0x4a CMakeFiles/stm32pg.elf.dir/Drivers/STM32H7xx_HAL_Driver/Src/stm32h7xx_hal_uart_ex.c.obj
                0x08004af8                HAL_UARTEx_SetTxFifoThreshold
 .text.HAL_UARTEx_SetRxFifoThreshold
                0x08004b42       0x4a CMakeFiles/stm32pg.elf.dir/Drivers/STM32H7xx_HAL_Driver/Src/stm32h7xx_hal_uart_ex.c.obj
                0x08004b42                HAL_UARTEx_SetRxFifoThreshold
 .text.delay_init
                0x08004b8c       0x14 CMakeFiles/stm32pg.elf.dir/sys/Src/delay.c.obj
                0x08004b8c                delay_init
 .text.delay_us
                0x08004ba0       0x3c CMakeFiles/stm32pg.elf.dir/sys/Src/delay.c.obj
                0x08004ba0                delay_us
 .text.delay_ms
                0x08004bdc       0x18 CMakeFiles/stm32pg.elf.dir/sys/Src/delay.c.obj
                0x08004bdc                delay_ms
 .text.Cache_Enable
                0x08004bf4       0xb4 CMakeFiles/stm32pg.elf.dir/sys/Src/sys.c.obj
                0x08004bf4                Cache_Enable
 .text.Stm32_Clock_Init
                0x08004ca8       0xd8 CMakeFiles/stm32pg.elf.dir/sys/Src/sys.c.obj
                0x08004ca8                Stm32_Clock_Init
 .text.HAL_UART_RxCpltCallback
                0x08004d80       0x78 CMakeFiles/stm32pg.elf.dir/sys/Src/usart.c.obj
                0x08004d80                HAL_UART_RxCpltCallback
 .text.__libc_init_array
                0x08004df8       0x48 e:/stm/gcc-arm-none-eabi-10.3-2021.10-win32/gcc-arm-none-eabi-10.3-2021.10/bin/../lib/gcc/arm-none-eabi/10.3.1/../../../../arm-none-eabi/lib/thumb/v7e-m/nofp\libg.a(lib_a-init.o)
                0x08004df8                __libc_init_array
 .text.memset   0x08004e40       0xa4 e:/stm/gcc-arm-none-eabi-10.3-2021.10-win32/gcc-arm-none-eabi-10.3-2021.10/bin/../lib/gcc/arm-none-eabi/10.3.1/../../../../arm-none-eabi/lib/thumb/v7e-m/nofp\libg.a(lib_a-memset.o)
                0x08004e40                memset
 .text.startup.register_fini
                0x08004ee4       0x14 e:/stm/gcc-arm-none-eabi-10.3-2021.10-win32/gcc-arm-none-eabi-10.3-2021.10/bin/../lib/gcc/arm-none-eabi/10.3.1/../../../../arm-none-eabi/lib/thumb/v7e-m/nofp\libg.a(lib_a-__call_atexit.o)
 .text.atexit   0x08004ef8        0xc e:/stm/gcc-arm-none-eabi-10.3-2021.10-win32/gcc-arm-none-eabi-10.3-2021.10/bin/../lib/gcc/arm-none-eabi/10.3.1/../../../../arm-none-eabi/lib/thumb/v7e-m/nofp\libg.a(lib_a-atexit.o)
                0x08004ef8                atexit
 .text.__libc_fini_array
                0x08004f04       0x2c e:/stm/gcc-arm-none-eabi-10.3-2021.10-win32/gcc-arm-none-eabi-10.3-2021.10/bin/../lib/gcc/arm-none-eabi/10.3.1/../../../../arm-none-eabi/lib/thumb/v7e-m/nofp\libg.a(lib_a-fini.o)
                0x08004f04                __libc_fini_array
 .text.__retarget_lock_acquire_recursive
                0x08004f30        0x4 e:/stm/gcc-arm-none-eabi-10.3-2021.10-win32/gcc-arm-none-eabi-10.3-2021.10/bin/../lib/gcc/arm-none-eabi/10.3.1/../../../../arm-none-eabi/lib/thumb/v7e-m/nofp\libg.a(lib_a-lock.o)
                0x08004f30                __retarget_lock_acquire_recursive
 .text.__retarget_lock_release_recursive
                0x08004f34        0x4 e:/stm/gcc-arm-none-eabi-10.3-2021.10-win32/gcc-arm-none-eabi-10.3-2021.10/bin/../lib/gcc/arm-none-eabi/10.3.1/../../../../arm-none-eabi/lib/thumb/v7e-m/nofp\libg.a(lib_a-lock.o)
                0x08004f34                __retarget_lock_release_recursive
 .text.__register_exitproc
                0x08004f38       0x8c e:/stm/gcc-arm-none-eabi-10.3-2021.10-win32/gcc-arm-none-eabi-10.3-2021.10/bin/../lib/gcc/arm-none-eabi/10.3.1/../../../../arm-none-eabi/lib/thumb/v7e-m/nofp\libg.a(lib_a-__atexit.o)
                0x08004f38                __register_exitproc
 *(.glue_7)
 .glue_7        0x08004fc4        0x0 linker stubs
 *(.glue_7t)
 .glue_7t       0x08004fc4        0x0 linker stubs
 *(.eh_frame)
 .eh_frame      0x08004fc4        0x0 e:/stm/gcc-arm-none-eabi-10.3-2021.10-win32/gcc-arm-none-eabi-10.3-2021.10/bin/../lib/gcc/arm-none-eabi/10.3.1/thumb/v7e-m/nofp/crtbegin.o
 *(.init)
 .init          0x08004fc4        0x4 e:/stm/gcc-arm-none-eabi-10.3-2021.10-win32/gcc-arm-none-eabi-10.3-2021.10/bin/../lib/gcc/arm-none-eabi/10.3.1/thumb/v7e-m/nofp/crti.o
                0x08004fc4                _init
 .init          0x08004fc8        0x8 e:/stm/gcc-arm-none-eabi-10.3-2021.10-win32/gcc-arm-none-eabi-10.3-2021.10/bin/../lib/gcc/arm-none-eabi/10.3.1/thumb/v7e-m/nofp/crtn.o
 *(.fini)
 .fini          0x08004fd0        0x4 e:/stm/gcc-arm-none-eabi-10.3-2021.10-win32/gcc-arm-none-eabi-10.3-2021.10/bin/../lib/gcc/arm-none-eabi/10.3.1/thumb/v7e-m/nofp/crti.o
                0x08004fd0                _fini
 .fini          0x08004fd4        0x8 e:/stm/gcc-arm-none-eabi-10.3-2021.10-win32/gcc-arm-none-eabi-10.3-2021.10/bin/../lib/gcc/arm-none-eabi/10.3.1/thumb/v7e-m/nofp/crtn.o
                0x08004fdc                . = ALIGN (0x4)
                0x08004fdc                _etext = .

.vfp11_veneer   0x08004fdc        0x0
 .vfp11_veneer  0x08004fdc        0x0 linker stubs

.v4_bx          0x08004fdc        0x0
 .v4_bx         0x08004fdc        0x0 linker stubs

.iplt           0x08004fdc        0x0
 .iplt          0x08004fdc        0x0 e:/stm/gcc-arm-none-eabi-10.3-2021.10-win32/gcc-arm-none-eabi-10.3-2021.10/bin/../lib/gcc/arm-none-eabi/10.3.1/thumb/v7e-m/nofp/crtbegin.o

.rodata         0x08004fdc       0x3c
                0x08004fdc                . = ALIGN (0x4)
 *(.rodata)
 *(.rodata*)
 .rodata.D1CorePrescTable
                0x08004fdc       0x10 CMakeFiles/stm32pg.elf.dir/Core/Src/system_stm32h7xx.c.obj
                0x08004fdc                D1CorePrescTable
 .rodata.UARTPrescTable
                0x08004fec       0x18 CMakeFiles/stm32pg.elf.dir/Drivers/STM32H7xx_HAL_Driver/Src/stm32h7xx_hal_uart.c.obj
                0x08004fec                UARTPrescTable
 .rodata.denominator.0
                0x08005004        0x8 CMakeFiles/stm32pg.elf.dir/Drivers/STM32H7xx_HAL_Driver/Src/stm32h7xx_hal_uart_ex.c.obj
 .rodata.numerator.1
                0x0800500c        0x8 CMakeFiles/stm32pg.elf.dir/Drivers/STM32H7xx_HAL_Driver/Src/stm32h7xx_hal_uart_ex.c.obj
 .rodata._global_impure_ptr
                0x08005014        0x4 e:/stm/gcc-arm-none-eabi-10.3-2021.10-win32/gcc-arm-none-eabi-10.3-2021.10/bin/../lib/gcc/arm-none-eabi/10.3.1/../../../../arm-none-eabi/lib/thumb/v7e-m/nofp\libg.a(lib_a-impure.o)
                0x08005014                _global_impure_ptr
                0x08005018                . = ALIGN (0x4)

.ARM.extab
 *(.ARM.extab* .gnu.linkonce.armextab.*)

.ARM            0x08005018        0x8
                0x08005018                __exidx_start = .
 *(.ARM.exidx*)
 .ARM.exidx     0x08005018        0x8 e:/stm/gcc-arm-none-eabi-10.3-2021.10-win32/gcc-arm-none-eabi-10.3-2021.10/bin/../lib/gcc/arm-none-eabi/10.3.1/thumb/v7e-m/nofp\libgcc.a(_udivmoddi4.o)
                0x08005020                __exidx_end = .

.rel.dyn        0x08005020        0x0
 .rel.iplt      0x08005020        0x0 e:/stm/gcc-arm-none-eabi-10.3-2021.10-win32/gcc-arm-none-eabi-10.3-2021.10/bin/../lib/gcc/arm-none-eabi/10.3.1/thumb/v7e-m/nofp/crtbegin.o

.preinit_array  0x08005020        0x0
                0x08005020                PROVIDE (__preinit_array_start = .)
 *(.preinit_array*)
                0x08005020                PROVIDE (__preinit_array_end = .)

.init_array     0x08005020        0x8
                0x08005020                PROVIDE (__init_array_start = .)
 *(SORT_BY_NAME(.init_array.*))
 .init_array.00000
                0x08005020        0x4 e:/stm/gcc-arm-none-eabi-10.3-2021.10-win32/gcc-arm-none-eabi-10.3-2021.10/bin/../lib/gcc/arm-none-eabi/10.3.1/../../../../arm-none-eabi/lib/thumb/v7e-m/nofp\libg.a(lib_a-__call_atexit.o)
 *(.init_array*)
 .init_array    0x08005024        0x4 e:/stm/gcc-arm-none-eabi-10.3-2021.10-win32/gcc-arm-none-eabi-10.3-2021.10/bin/../lib/gcc/arm-none-eabi/10.3.1/thumb/v7e-m/nofp/crtbegin.o
                0x08005028                PROVIDE (__init_array_end = .)

.fini_array     0x08005028        0x4
                0x08005028                PROVIDE (__fini_array_start = .)
 *(SORT_BY_NAME(.fini_array.*))
 *(.fini_array*)
 .fini_array    0x08005028        0x4 e:/stm/gcc-arm-none-eabi-10.3-2021.10-win32/gcc-arm-none-eabi-10.3-2021.10/bin/../lib/gcc/arm-none-eabi/10.3.1/thumb/v7e-m/nofp/crtbegin.o
                0x0800502c                PROVIDE (__fini_array_end = .)
                0x0800502c                _sidata = LOADADDR (.data)

.data           0x24000000      0x43c load address 0x0800502c
                0x24000000                . = ALIGN (0x4)
                0x24000000                _sdata = .
 *(.data)
 *(.data*)
 .data.SystemCoreClock
                0x24000000        0x4 CMakeFiles/stm32pg.elf.dir/Core/Src/system_stm32h7xx.c.obj
                0x24000000                SystemCoreClock
 .data.SystemD2Clock
                0x24000004        0x4 CMakeFiles/stm32pg.elf.dir/Core/Src/system_stm32h7xx.c.obj
                0x24000004                SystemD2Clock
 .data.uwTickFreq
                0x24000008        0x1 CMakeFiles/stm32pg.elf.dir/Drivers/STM32H7xx_HAL_Driver/Src/stm32h7xx_hal.c.obj
                0x24000008                uwTickFreq
 *fill*         0x24000009        0x3 
 .data.uwTickPrio
                0x2400000c        0x4 CMakeFiles/stm32pg.elf.dir/Drivers/STM32H7xx_HAL_Driver/Src/stm32h7xx_hal.c.obj
                0x2400000c                uwTickPrio
 .data.impure_data
                0x24000010      0x428 e:/stm/gcc-arm-none-eabi-10.3-2021.10-win32/gcc-arm-none-eabi-10.3-2021.10/bin/../lib/gcc/arm-none-eabi/10.3.1/../../../../arm-none-eabi/lib/thumb/v7e-m/nofp\libg.a(lib_a-impure.o)
 .data.__atexit_recursive_mutex
                0x24000438        0x4 e:/stm/gcc-arm-none-eabi-10.3-2021.10-win32/gcc-arm-none-eabi-10.3-2021.10/bin/../lib/gcc/arm-none-eabi/10.3.1/../../../../arm-none-eabi/lib/thumb/v7e-m/nofp\libg.a(lib_a-__call_atexit.o)
                0x24000438                __atexit_recursive_mutex
 *(.RamFunc)
 *(.RamFunc*)
                0x2400043c                . = ALIGN (0x4)
                0x2400043c                _edata = .

.igot.plt       0x2400043c        0x0 load address 0x08005468
 .igot.plt      0x2400043c        0x0 e:/stm/gcc-arm-none-eabi-10.3-2021.10-win32/gcc-arm-none-eabi-10.3-2021.10/bin/../lib/gcc/arm-none-eabi/10.3.1/thumb/v7e-m/nofp/crtbegin.o
                0x2400043c                . = ALIGN (0x4)

.bss            0x2400043c      0x18c load address 0x08005468
                0x2400043c                _sbss = .
                0x2400043c                __bss_start__ = _sbss
 *(.bss)
 .bss           0x2400043c       0x1c e:/stm/gcc-arm-none-eabi-10.3-2021.10-win32/gcc-arm-none-eabi-10.3-2021.10/bin/../lib/gcc/arm-none-eabi/10.3.1/thumb/v7e-m/nofp/crtbegin.o
 *(.bss*)
 .bss.huart1    0x24000458       0x94 CMakeFiles/stm32pg.elf.dir/Core/Src/main.c.obj
                0x24000458                huart1
 .bss.uwTick    0x240004ec        0x4 CMakeFiles/stm32pg.elf.dir/Drivers/STM32H7xx_HAL_Driver/Src/stm32h7xx_hal.c.obj
                0x240004ec                uwTick
 .bss.fac_us    0x240004f0        0x4 CMakeFiles/stm32pg.elf.dir/sys/Src/delay.c.obj
 .bss.USART_RX_BUF
                0x240004f4       0xc8 CMakeFiles/stm32pg.elf.dir/sys/Src/usart.c.obj
                0x240004f4                USART_RX_BUF
 .bss.USART_RX_STA
                0x240005bc        0x2 CMakeFiles/stm32pg.elf.dir/sys/Src/usart.c.obj
                0x240005bc                USART_RX_STA
 *fill*         0x240005be        0x2 
 .bss.aRxBuffer
                0x240005c0        0x1 CMakeFiles/stm32pg.elf.dir/sys/Src/usart.c.obj
                0x240005c0                aRxBuffer
 *fill*         0x240005c1        0x3 
 .bss.__lock___atexit_recursive_mutex
                0x240005c4        0x1 e:/stm/gcc-arm-none-eabi-10.3-2021.10-win32/gcc-arm-none-eabi-10.3-2021.10/bin/../lib/gcc/arm-none-eabi/10.3.1/../../../../arm-none-eabi/lib/thumb/v7e-m/nofp\libg.a(lib_a-lock.o)
                0x240005c4                __lock___atexit_recursive_mutex
 *(COMMON)
                0x240005c8                . = ALIGN (0x4)
 *fill*         0x240005c5        0x3 
                0x240005c8                _ebss = .
                0x240005c8                __bss_end__ = _ebss

._user_heap_stack
                0x240005c8      0x600 load address 0x08005468
                0x240005c8                . = ALIGN (0x8)
                [!provide]                PROVIDE (end = .)
                0x240005c8                PROVIDE (_end = .)
                0x240007c8                . = (. + _Min_Heap_Size)
 *fill*         0x240005c8      0x200 
                0x24000bc8                . = (. + _Min_Stack_Size)
 *fill*         0x240007c8      0x400 
                0x24000bc8                . = ALIGN (0x8)

/DISCARD/
 libc.a(*)
 libm.a(*)
 libgcc.a(*)

.ARM.attributes
                0x00000000       0x2a
 *(.ARM.attributes)
 .ARM.attributes
                0x00000000       0x1e e:/stm/gcc-arm-none-eabi-10.3-2021.10-win32/gcc-arm-none-eabi-10.3-2021.10/bin/../lib/gcc/arm-none-eabi/10.3.1/thumb/v7e-m/nofp/crti.o
 .ARM.attributes
                0x0000001e       0x2e e:/stm/gcc-arm-none-eabi-10.3-2021.10-win32/gcc-arm-none-eabi-10.3-2021.10/bin/../lib/gcc/arm-none-eabi/10.3.1/thumb/v7e-m/nofp/crtbegin.o
 .ARM.attributes
                0x0000004c       0x2e CMakeFiles/stm32pg.elf.dir/Core/Src/main.c.obj
 .ARM.attributes
                0x0000007a       0x2e CMakeFiles/stm32pg.elf.dir/Core/Src/stm32h7xx_hal_msp.c.obj
 .ARM.attributes
                0x000000a8       0x2e CMakeFiles/stm32pg.elf.dir/Core/Src/stm32h7xx_it.c.obj
 .ARM.attributes
                0x000000d6       0x2e CMakeFiles/stm32pg.elf.dir/Core/Src/system_stm32h7xx.c.obj
 .ARM.attributes
                0x00000104       0x21 CMakeFiles/stm32pg.elf.dir/Core/Startup/startup_stm32h743iitx.s.obj
 .ARM.attributes
                0x00000125       0x2e CMakeFiles/stm32pg.elf.dir/Drivers/STM32H7xx_HAL_Driver/Src/stm32h7xx_hal.c.obj
 .ARM.attributes
                0x00000153       0x2e CMakeFiles/stm32pg.elf.dir/Drivers/STM32H7xx_HAL_Driver/Src/stm32h7xx_hal_cortex.c.obj
 .ARM.attributes
                0x00000181       0x2e CMakeFiles/stm32pg.elf.dir/Drivers/STM32H7xx_HAL_Driver/Src/stm32h7xx_hal_dma.c.obj
 .ARM.attributes
                0x000001af       0x2e CMakeFiles/stm32pg.elf.dir/Drivers/STM32H7xx_HAL_Driver/Src/stm32h7xx_hal_gpio.c.obj
 .ARM.attributes
                0x000001dd       0x2e CMakeFiles/stm32pg.elf.dir/Drivers/STM32H7xx_HAL_Driver/Src/stm32h7xx_hal_pwr_ex.c.obj
 .ARM.attributes
                0x0000020b       0x2e CMakeFiles/stm32pg.elf.dir/Drivers/STM32H7xx_HAL_Driver/Src/stm32h7xx_hal_rcc.c.obj
 .ARM.attributes
                0x00000239       0x2e CMakeFiles/stm32pg.elf.dir/Drivers/STM32H7xx_HAL_Driver/Src/stm32h7xx_hal_rcc_ex.c.obj
 .ARM.attributes
                0x00000267       0x2e CMakeFiles/stm32pg.elf.dir/Drivers/STM32H7xx_HAL_Driver/Src/stm32h7xx_hal_uart.c.obj
 .ARM.attributes
                0x00000295       0x2e CMakeFiles/stm32pg.elf.dir/Drivers/STM32H7xx_HAL_Driver/Src/stm32h7xx_hal_uart_ex.c.obj
 .ARM.attributes
                0x000002c3       0x2e CMakeFiles/stm32pg.elf.dir/sys/Src/delay.c.obj
 .ARM.attributes
                0x000002f1       0x2e CMakeFiles/stm32pg.elf.dir/sys/Src/sys.c.obj
 .ARM.attributes
                0x0000031f       0x2e CMakeFiles/stm32pg.elf.dir/sys/Src/usart.c.obj
 .ARM.attributes
                0x0000034d       0x1e e:/stm/gcc-arm-none-eabi-10.3-2021.10-win32/gcc-arm-none-eabi-10.3-2021.10/bin/../lib/gcc/arm-none-eabi/10.3.1/thumb/v7e-m/nofp\libgcc.a(_arm_addsubsf3.o)
 .ARM.attributes
                0x0000036b       0x1e e:/stm/gcc-arm-none-eabi-10.3-2021.10-win32/gcc-arm-none-eabi-10.3-2021.10/bin/../lib/gcc/arm-none-eabi/10.3.1/thumb/v7e-m/nofp\libgcc.a(_arm_muldivsf3.o)
 .ARM.attributes
                0x00000389       0x1e e:/stm/gcc-arm-none-eabi-10.3-2021.10-win32/gcc-arm-none-eabi-10.3-2021.10/bin/../lib/gcc/arm-none-eabi/10.3.1/thumb/v7e-m/nofp\libgcc.a(_arm_fixunssfsi.o)
 .ARM.attributes
                0x000003a7       0x1e e:/stm/gcc-arm-none-eabi-10.3-2021.10-win32/gcc-arm-none-eabi-10.3-2021.10/bin/../lib/gcc/arm-none-eabi/10.3.1/thumb/v7e-m/nofp\libgcc.a(_aeabi_uldivmod.o)
 .ARM.attributes
                0x000003c5       0x2e e:/stm/gcc-arm-none-eabi-10.3-2021.10-win32/gcc-arm-none-eabi-10.3-2021.10/bin/../lib/gcc/arm-none-eabi/10.3.1/thumb/v7e-m/nofp\libgcc.a(_udivmoddi4.o)
 .ARM.attributes
                0x000003f3       0x1e e:/stm/gcc-arm-none-eabi-10.3-2021.10-win32/gcc-arm-none-eabi-10.3-2021.10/bin/../lib/gcc/arm-none-eabi/10.3.1/thumb/v7e-m/nofp\libgcc.a(_dvmd_tls.o)
 .ARM.attributes
                0x00000411       0x2e e:/stm/gcc-arm-none-eabi-10.3-2021.10-win32/gcc-arm-none-eabi-10.3-2021.10/bin/../lib/gcc/arm-none-eabi/10.3.1/../../../../arm-none-eabi/lib/thumb/v7e-m/nofp\libg.a(lib_a-impure.o)
 .ARM.attributes
                0x0000043f       0x2e e:/stm/gcc-arm-none-eabi-10.3-2021.10-win32/gcc-arm-none-eabi-10.3-2021.10/bin/../lib/gcc/arm-none-eabi/10.3.1/../../../../arm-none-eabi/lib/thumb/v7e-m/nofp\libg.a(lib_a-init.o)
 .ARM.attributes
                0x0000046d       0x2e e:/stm/gcc-arm-none-eabi-10.3-2021.10-win32/gcc-arm-none-eabi-10.3-2021.10/bin/../lib/gcc/arm-none-eabi/10.3.1/../../../../arm-none-eabi/lib/thumb/v7e-m/nofp\libg.a(lib_a-memset.o)
 .ARM.attributes
                0x0000049b       0x2e e:/stm/gcc-arm-none-eabi-10.3-2021.10-win32/gcc-arm-none-eabi-10.3-2021.10/bin/../lib/gcc/arm-none-eabi/10.3.1/../../../../arm-none-eabi/lib/thumb/v7e-m/nofp\libg.a(lib_a-__call_atexit.o)
 .ARM.attributes
                0x000004c9       0x2e e:/stm/gcc-arm-none-eabi-10.3-2021.10-win32/gcc-arm-none-eabi-10.3-2021.10/bin/../lib/gcc/arm-none-eabi/10.3.1/../../../../arm-none-eabi/lib/thumb/v7e-m/nofp\libg.a(lib_a-atexit.o)
 .ARM.attributes
                0x000004f7       0x2e e:/stm/gcc-arm-none-eabi-10.3-2021.10-win32/gcc-arm-none-eabi-10.3-2021.10/bin/../lib/gcc/arm-none-eabi/10.3.1/../../../../arm-none-eabi/lib/thumb/v7e-m/nofp\libg.a(lib_a-fini.o)
 .ARM.attributes
                0x00000525       0x2e e:/stm/gcc-arm-none-eabi-10.3-2021.10-win32/gcc-arm-none-eabi-10.3-2021.10/bin/../lib/gcc/arm-none-eabi/10.3.1/../../../../arm-none-eabi/lib/thumb/v7e-m/nofp\libg.a(lib_a-lock.o)
 .ARM.attributes
                0x00000553       0x2e e:/stm/gcc-arm-none-eabi-10.3-2021.10-win32/gcc-arm-none-eabi-10.3-2021.10/bin/../lib/gcc/arm-none-eabi/10.3.1/../../../../arm-none-eabi/lib/thumb/v7e-m/nofp\libg.a(lib_a-__atexit.o)
 .ARM.attributes
                0x00000581       0x1e e:/stm/gcc-arm-none-eabi-10.3-2021.10-win32/gcc-arm-none-eabi-10.3-2021.10/bin/../lib/gcc/arm-none-eabi/10.3.1/thumb/v7e-m/nofp/crtn.o
OUTPUT(stm32pg.elf elf32-littlearm)
LOAD linker stubs
LOAD e:/stm/gcc-arm-none-eabi-10.3-2021.10-win32/gcc-arm-none-eabi-10.3-2021.10/bin/../lib/gcc/arm-none-eabi/10.3.1/../../../../arm-none-eabi/lib/thumb/v7e-m/nofp\libc.a
LOAD e:/stm/gcc-arm-none-eabi-10.3-2021.10-win32/gcc-arm-none-eabi-10.3-2021.10/bin/../lib/gcc/arm-none-eabi/10.3.1/../../../../arm-none-eabi/lib/thumb/v7e-m/nofp\libm.a
LOAD e:/stm/gcc-arm-none-eabi-10.3-2021.10-win32/gcc-arm-none-eabi-10.3-2021.10/bin/../lib/gcc/arm-none-eabi/10.3.1/thumb/v7e-m/nofp\libgcc.a

.debug_info     0x00000000    0x16b90
 .debug_info    0x00000000     0x16f3 CMakeFiles/stm32pg.elf.dir/Core/Src/main.c.obj
 .debug_info    0x000016f3     0x150f CMakeFiles/stm32pg.elf.dir/Core/Src/stm32h7xx_hal_msp.c.obj
 .debug_info    0x00002c02      0x931 CMakeFiles/stm32pg.elf.dir/Core/Src/stm32h7xx_it.c.obj
 .debug_info    0x00003533      0xaf5 CMakeFiles/stm32pg.elf.dir/Core/Src/system_stm32h7xx.c.obj
 .debug_info    0x00004028       0x22 CMakeFiles/stm32pg.elf.dir/Core/Startup/startup_stm32h743iitx.s.obj
 .debug_info    0x0000404a     0x16a0 CMakeFiles/stm32pg.elf.dir/Drivers/STM32H7xx_HAL_Driver/Src/stm32h7xx_hal.c.obj
 .debug_info    0x000056ea     0x13ea CMakeFiles/stm32pg.elf.dir/Drivers/STM32H7xx_HAL_Driver/Src/stm32h7xx_hal_cortex.c.obj
 .debug_info    0x00006ad4      0xfeb CMakeFiles/stm32pg.elf.dir/Drivers/STM32H7xx_HAL_Driver/Src/stm32h7xx_hal_dma.c.obj
 .debug_info    0x00007abf      0xd66 CMakeFiles/stm32pg.elf.dir/Drivers/STM32H7xx_HAL_Driver/Src/stm32h7xx_hal_gpio.c.obj
 .debug_info    0x00008825     0x122e CMakeFiles/stm32pg.elf.dir/Drivers/STM32H7xx_HAL_Driver/Src/stm32h7xx_hal_pwr_ex.c.obj
 .debug_info    0x00009a53     0x13c5 CMakeFiles/stm32pg.elf.dir/Drivers/STM32H7xx_HAL_Driver/Src/stm32h7xx_hal_rcc.c.obj
 .debug_info    0x0000ae18     0x2034 CMakeFiles/stm32pg.elf.dir/Drivers/STM32H7xx_HAL_Driver/Src/stm32h7xx_hal_rcc_ex.c.obj
 .debug_info    0x0000ce4c     0x674e CMakeFiles/stm32pg.elf.dir/Drivers/STM32H7xx_HAL_Driver/Src/stm32h7xx_hal_uart.c.obj
 .debug_info    0x0001359a     0x124f CMakeFiles/stm32pg.elf.dir/Drivers/STM32H7xx_HAL_Driver/Src/stm32h7xx_hal_uart_ex.c.obj
 .debug_info    0x000147e9      0x260 CMakeFiles/stm32pg.elf.dir/sys/Src/delay.c.obj
 .debug_info    0x00014a49     0x1009 CMakeFiles/stm32pg.elf.dir/sys/Src/sys.c.obj
 .debug_info    0x00015a52     0x113e CMakeFiles/stm32pg.elf.dir/sys/Src/usart.c.obj

.debug_abbrev   0x00000000     0x2684
 .debug_abbrev  0x00000000      0x2b6 CMakeFiles/stm32pg.elf.dir/Core/Src/main.c.obj
 .debug_abbrev  0x000002b6      0x1f2 CMakeFiles/stm32pg.elf.dir/Core/Src/stm32h7xx_hal_msp.c.obj
 .debug_abbrev  0x000004a8      0x1b8 CMakeFiles/stm32pg.elf.dir/Core/Src/stm32h7xx_it.c.obj
 .debug_abbrev  0x00000660      0x162 CMakeFiles/stm32pg.elf.dir/Core/Src/system_stm32h7xx.c.obj
 .debug_abbrev  0x000007c2       0x12 CMakeFiles/stm32pg.elf.dir/Core/Startup/startup_stm32h743iitx.s.obj
 .debug_abbrev  0x000007d4      0x264 CMakeFiles/stm32pg.elf.dir/Drivers/STM32H7xx_HAL_Driver/Src/stm32h7xx_hal.c.obj
 .debug_abbrev  0x00000a38      0x37d CMakeFiles/stm32pg.elf.dir/Drivers/STM32H7xx_HAL_Driver/Src/stm32h7xx_hal_cortex.c.obj
 .debug_abbrev  0x00000db5      0x298 CMakeFiles/stm32pg.elf.dir/Drivers/STM32H7xx_HAL_Driver/Src/stm32h7xx_hal_dma.c.obj
 .debug_abbrev  0x0000104d      0x239 CMakeFiles/stm32pg.elf.dir/Drivers/STM32H7xx_HAL_Driver/Src/stm32h7xx_hal_gpio.c.obj
 .debug_abbrev  0x00001286      0x29b CMakeFiles/stm32pg.elf.dir/Drivers/STM32H7xx_HAL_Driver/Src/stm32h7xx_hal_pwr_ex.c.obj
 .debug_abbrev  0x00001521      0x28c CMakeFiles/stm32pg.elf.dir/Drivers/STM32H7xx_HAL_Driver/Src/stm32h7xx_hal_rcc.c.obj
 .debug_abbrev  0x000017ad      0x285 CMakeFiles/stm32pg.elf.dir/Drivers/STM32H7xx_HAL_Driver/Src/stm32h7xx_hal_rcc_ex.c.obj
 .debug_abbrev  0x00001a32      0x337 CMakeFiles/stm32pg.elf.dir/Drivers/STM32H7xx_HAL_Driver/Src/stm32h7xx_hal_uart.c.obj
 .debug_abbrev  0x00001d69      0x2e7 CMakeFiles/stm32pg.elf.dir/Drivers/STM32H7xx_HAL_Driver/Src/stm32h7xx_hal_uart_ex.c.obj
 .debug_abbrev  0x00002050      0x13d CMakeFiles/stm32pg.elf.dir/sys/Src/delay.c.obj
 .debug_abbrev  0x0000218d      0x263 CMakeFiles/stm32pg.elf.dir/sys/Src/sys.c.obj
 .debug_abbrev  0x000023f0      0x294 CMakeFiles/stm32pg.elf.dir/sys/Src/usart.c.obj

.debug_aranges  0x00000000      0xac8
 .debug_aranges
                0x00000000       0x40 CMakeFiles/stm32pg.elf.dir/Core/Src/main.c.obj
 .debug_aranges
                0x00000040       0x30 CMakeFiles/stm32pg.elf.dir/Core/Src/stm32h7xx_hal_msp.c.obj
 .debug_aranges
                0x00000070       0x68 CMakeFiles/stm32pg.elf.dir/Core/Src/stm32h7xx_it.c.obj
 .debug_aranges
                0x000000d8       0x28 CMakeFiles/stm32pg.elf.dir/Core/Src/system_stm32h7xx.c.obj
 .debug_aranges
                0x00000100       0x28 CMakeFiles/stm32pg.elf.dir/Core/Startup/startup_stm32h743iitx.s.obj
 .debug_aranges
                0x00000128      0x198 CMakeFiles/stm32pg.elf.dir/Drivers/STM32H7xx_HAL_Driver/Src/stm32h7xx_hal.c.obj
 .debug_aranges
                0x000002c0       0xb0 CMakeFiles/stm32pg.elf.dir/Drivers/STM32H7xx_HAL_Driver/Src/stm32h7xx_hal_cortex.c.obj
 .debug_aranges
                0x00000370       0xa0 CMakeFiles/stm32pg.elf.dir/Drivers/STM32H7xx_HAL_Driver/Src/stm32h7xx_hal_dma.c.obj
 .debug_aranges
                0x00000410       0x58 CMakeFiles/stm32pg.elf.dir/Drivers/STM32H7xx_HAL_Driver/Src/stm32h7xx_hal_gpio.c.obj
 .debug_aranges
                0x00000468      0x158 CMakeFiles/stm32pg.elf.dir/Drivers/STM32H7xx_HAL_Driver/Src/stm32h7xx_hal_pwr_ex.c.obj
 .debug_aranges
                0x000005c0       0x88 CMakeFiles/stm32pg.elf.dir/Drivers/STM32H7xx_HAL_Driver/Src/stm32h7xx_hal_rcc.c.obj
 .debug_aranges
                0x00000648       0xf8 CMakeFiles/stm32pg.elf.dir/Drivers/STM32H7xx_HAL_Driver/Src/stm32h7xx_hal_rcc_ex.c.obj
 .debug_aranges
                0x00000740      0x248 CMakeFiles/stm32pg.elf.dir/Drivers/STM32H7xx_HAL_Driver/Src/stm32h7xx_hal_uart.c.obj
 .debug_aranges
                0x00000988       0xa8 CMakeFiles/stm32pg.elf.dir/Drivers/STM32H7xx_HAL_Driver/Src/stm32h7xx_hal_uart_ex.c.obj
 .debug_aranges
                0x00000a30       0x30 CMakeFiles/stm32pg.elf.dir/sys/Src/delay.c.obj
 .debug_aranges
                0x00000a60       0x38 CMakeFiles/stm32pg.elf.dir/sys/Src/sys.c.obj
 .debug_aranges
                0x00000a98       0x30 CMakeFiles/stm32pg.elf.dir/sys/Src/usart.c.obj

.debug_ranges   0x00000000      0xb20
 .debug_ranges  0x00000000       0x30 CMakeFiles/stm32pg.elf.dir/Core/Src/main.c.obj
 .debug_ranges  0x00000030       0x20 CMakeFiles/stm32pg.elf.dir/Core/Src/stm32h7xx_hal_msp.c.obj
 .debug_ranges  0x00000050       0x58 CMakeFiles/stm32pg.elf.dir/Core/Src/stm32h7xx_it.c.obj
 .debug_ranges  0x000000a8       0x18 CMakeFiles/stm32pg.elf.dir/Core/Src/system_stm32h7xx.c.obj
 .debug_ranges  0x000000c0       0x20 CMakeFiles/stm32pg.elf.dir/Core/Startup/startup_stm32h743iitx.s.obj
 .debug_ranges  0x000000e0      0x188 CMakeFiles/stm32pg.elf.dir/Drivers/STM32H7xx_HAL_Driver/Src/stm32h7xx_hal.c.obj
 .debug_ranges  0x00000268      0x100 CMakeFiles/stm32pg.elf.dir/Drivers/STM32H7xx_HAL_Driver/Src/stm32h7xx_hal_cortex.c.obj
 .debug_ranges  0x00000368       0xa8 CMakeFiles/stm32pg.elf.dir/Drivers/STM32H7xx_HAL_Driver/Src/stm32h7xx_hal_dma.c.obj
 .debug_ranges  0x00000410       0x48 CMakeFiles/stm32pg.elf.dir/Drivers/STM32H7xx_HAL_Driver/Src/stm32h7xx_hal_gpio.c.obj
 .debug_ranges  0x00000458      0x1a8 CMakeFiles/stm32pg.elf.dir/Drivers/STM32H7xx_HAL_Driver/Src/stm32h7xx_hal_pwr_ex.c.obj
 .debug_ranges  0x00000600       0xe8 CMakeFiles/stm32pg.elf.dir/Drivers/STM32H7xx_HAL_Driver/Src/stm32h7xx_hal_rcc.c.obj
 .debug_ranges  0x000006e8       0xe8 CMakeFiles/stm32pg.elf.dir/Drivers/STM32H7xx_HAL_Driver/Src/stm32h7xx_hal_rcc_ex.c.obj
 .debug_ranges  0x000007d0      0x238 CMakeFiles/stm32pg.elf.dir/Drivers/STM32H7xx_HAL_Driver/Src/stm32h7xx_hal_uart.c.obj
 .debug_ranges  0x00000a08       0x98 CMakeFiles/stm32pg.elf.dir/Drivers/STM32H7xx_HAL_Driver/Src/stm32h7xx_hal_uart_ex.c.obj
 .debug_ranges  0x00000aa0       0x20 CMakeFiles/stm32pg.elf.dir/sys/Src/delay.c.obj
 .debug_ranges  0x00000ac0       0x40 CMakeFiles/stm32pg.elf.dir/sys/Src/sys.c.obj
 .debug_ranges  0x00000b00       0x20 CMakeFiles/stm32pg.elf.dir/sys/Src/usart.c.obj

.debug_line     0x00000000    0x10b1d
 .debug_line    0x00000000      0x54a CMakeFiles/stm32pg.elf.dir/Core/Src/main.c.obj
 .debug_line    0x0000054a      0x347 CMakeFiles/stm32pg.elf.dir/Core/Src/stm32h7xx_hal_msp.c.obj
 .debug_line    0x00000891      0x38c CMakeFiles/stm32pg.elf.dir/Core/Src/stm32h7xx_it.c.obj
 .debug_line    0x00000c1d      0x45e CMakeFiles/stm32pg.elf.dir/Core/Src/system_stm32h7xx.c.obj
 .debug_line    0x0000107b       0x90 CMakeFiles/stm32pg.elf.dir/Core/Startup/startup_stm32h743iitx.s.obj
 .debug_line    0x0000110b      0x918 CMakeFiles/stm32pg.elf.dir/Drivers/STM32H7xx_HAL_Driver/Src/stm32h7xx_hal.c.obj
 .debug_line    0x00001a23      0x7e3 CMakeFiles/stm32pg.elf.dir/Drivers/STM32H7xx_HAL_Driver/Src/stm32h7xx_hal_cortex.c.obj
 .debug_line    0x00002206     0x2488 CMakeFiles/stm32pg.elf.dir/Drivers/STM32H7xx_HAL_Driver/Src/stm32h7xx_hal_dma.c.obj
 .debug_line    0x0000468e      0x704 CMakeFiles/stm32pg.elf.dir/Drivers/STM32H7xx_HAL_Driver/Src/stm32h7xx_hal_gpio.c.obj
 .debug_line    0x00004d92      0xad8 CMakeFiles/stm32pg.elf.dir/Drivers/STM32H7xx_HAL_Driver/Src/stm32h7xx_hal_pwr_ex.c.obj
 .debug_line    0x0000586a     0x1308 CMakeFiles/stm32pg.elf.dir/Drivers/STM32H7xx_HAL_Driver/Src/stm32h7xx_hal_rcc.c.obj
 .debug_line    0x00006b72     0x1fc2 CMakeFiles/stm32pg.elf.dir/Drivers/STM32H7xx_HAL_Driver/Src/stm32h7xx_hal_rcc_ex.c.obj
 .debug_line    0x00008b34     0x670f CMakeFiles/stm32pg.elf.dir/Drivers/STM32H7xx_HAL_Driver/Src/stm32h7xx_hal_uart.c.obj
 .debug_line    0x0000f243      0xcc8 CMakeFiles/stm32pg.elf.dir/Drivers/STM32H7xx_HAL_Driver/Src/stm32h7xx_hal_uart_ex.c.obj
 .debug_line    0x0000ff0b      0x2b8 CMakeFiles/stm32pg.elf.dir/sys/Src/delay.c.obj
 .debug_line    0x000101c3      0x546 CMakeFiles/stm32pg.elf.dir/sys/Src/sys.c.obj
 .debug_line    0x00010709      0x414 CMakeFiles/stm32pg.elf.dir/sys/Src/usart.c.obj

.debug_str      0x00000000     0x4a97
 .debug_str     0x00000000      0xd21 CMakeFiles/stm32pg.elf.dir/Core/Src/main.c.obj
                                0xdf3 (size before relaxing)
 .debug_str     0x00000d21      0xc1c CMakeFiles/stm32pg.elf.dir/Core/Src/stm32h7xx_hal_msp.c.obj
                               0x1681 (size before relaxing)
 .debug_str     0x0000193d      0x108 CMakeFiles/stm32pg.elf.dir/Core/Src/stm32h7xx_it.c.obj
                                0x891 (size before relaxing)
 .debug_str     0x00001a45      0x28b CMakeFiles/stm32pg.elf.dir/Core/Src/system_stm32h7xx.c.obj
                                0x672 (size before relaxing)
 .debug_str     0x00001cd0       0x3e CMakeFiles/stm32pg.elf.dir/Core/Startup/startup_stm32h743iitx.s.obj
                                 0x61 (size before relaxing)
 .debug_str     0x00001d0e      0x729 CMakeFiles/stm32pg.elf.dir/Drivers/STM32H7xx_HAL_Driver/Src/stm32h7xx_hal.c.obj
                               0x14ba (size before relaxing)
 .debug_str     0x00002437      0x548 CMakeFiles/stm32pg.elf.dir/Drivers/STM32H7xx_HAL_Driver/Src/stm32h7xx_hal_cortex.c.obj
                               0x1052 (size before relaxing)
 .debug_str     0x0000297f      0x3fd CMakeFiles/stm32pg.elf.dir/Drivers/STM32H7xx_HAL_Driver/Src/stm32h7xx_hal_dma.c.obj
                                0x9d5 (size before relaxing)
 .debug_str     0x00002d7c       0xf0 CMakeFiles/stm32pg.elf.dir/Drivers/STM32H7xx_HAL_Driver/Src/stm32h7xx_hal_gpio.c.obj
                                0x6de (size before relaxing)
 .debug_str     0x00002e6c      0x555 CMakeFiles/stm32pg.elf.dir/Drivers/STM32H7xx_HAL_Driver/Src/stm32h7xx_hal_pwr_ex.c.obj
                                0xa53 (size before relaxing)
 .debug_str     0x000033c1      0x19a CMakeFiles/stm32pg.elf.dir/Drivers/STM32H7xx_HAL_Driver/Src/stm32h7xx_hal_rcc.c.obj
                                0xa66 (size before relaxing)
 .debug_str     0x0000355b      0x5cd CMakeFiles/stm32pg.elf.dir/Drivers/STM32H7xx_HAL_Driver/Src/stm32h7xx_hal_rcc_ex.c.obj
                                0xf71 (size before relaxing)
 .debug_str     0x00003b28      0x87a CMakeFiles/stm32pg.elf.dir/Drivers/STM32H7xx_HAL_Driver/Src/stm32h7xx_hal_uart.c.obj
                               0x14bd (size before relaxing)
 .debug_str     0x000043a2      0x251 CMakeFiles/stm32pg.elf.dir/Drivers/STM32H7xx_HAL_Driver/Src/stm32h7xx_hal_uart_ex.c.obj
                                0xba6 (size before relaxing)
 .debug_str     0x000045f3       0x48 CMakeFiles/stm32pg.elf.dir/sys/Src/delay.c.obj
                                0x24d (size before relaxing)
 .debug_str     0x0000463b       0x72 CMakeFiles/stm32pg.elf.dir/sys/Src/sys.c.obj
                                0x827 (size before relaxing)
 .debug_str     0x000046ad      0x3ea CMakeFiles/stm32pg.elf.dir/sys/Src/usart.c.obj
                                0xb76 (size before relaxing)

.comment        0x00000000       0x49
 .comment       0x00000000       0x49 CMakeFiles/stm32pg.elf.dir/Core/Src/main.c.obj
                                 0x4a (size before relaxing)
 .comment       0x00000049       0x4a CMakeFiles/stm32pg.elf.dir/Core/Src/stm32h7xx_hal_msp.c.obj
 .comment       0x00000049       0x4a CMakeFiles/stm32pg.elf.dir/Core/Src/stm32h7xx_it.c.obj
 .comment       0x00000049       0x4a CMakeFiles/stm32pg.elf.dir/Core/Src/system_stm32h7xx.c.obj
 .comment       0x00000049       0x4a CMakeFiles/stm32pg.elf.dir/Drivers/STM32H7xx_HAL_Driver/Src/stm32h7xx_hal.c.obj
 .comment       0x00000049       0x4a CMakeFiles/stm32pg.elf.dir/Drivers/STM32H7xx_HAL_Driver/Src/stm32h7xx_hal_cortex.c.obj
 .comment       0x00000049       0x4a CMakeFiles/stm32pg.elf.dir/Drivers/STM32H7xx_HAL_Driver/Src/stm32h7xx_hal_dma.c.obj
 .comment       0x00000049       0x4a CMakeFiles/stm32pg.elf.dir/Drivers/STM32H7xx_HAL_Driver/Src/stm32h7xx_hal_gpio.c.obj
 .comment       0x00000049       0x4a CMakeFiles/stm32pg.elf.dir/Drivers/STM32H7xx_HAL_Driver/Src/stm32h7xx_hal_pwr_ex.c.obj
 .comment       0x00000049       0x4a CMakeFiles/stm32pg.elf.dir/Drivers/STM32H7xx_HAL_Driver/Src/stm32h7xx_hal_rcc.c.obj
 .comment       0x00000049       0x4a CMakeFiles/stm32pg.elf.dir/Drivers/STM32H7xx_HAL_Driver/Src/stm32h7xx_hal_rcc_ex.c.obj
 .comment       0x00000049       0x4a CMakeFiles/stm32pg.elf.dir/Drivers/STM32H7xx_HAL_Driver/Src/stm32h7xx_hal_uart.c.obj
 .comment       0x00000049       0x4a CMakeFiles/stm32pg.elf.dir/Drivers/STM32H7xx_HAL_Driver/Src/stm32h7xx_hal_uart_ex.c.obj
 .comment       0x00000049       0x4a CMakeFiles/stm32pg.elf.dir/sys/Src/delay.c.obj
 .comment       0x00000049       0x4a CMakeFiles/stm32pg.elf.dir/sys/Src/sys.c.obj
 .comment       0x00000049       0x4a CMakeFiles/stm32pg.elf.dir/sys/Src/usart.c.obj

.debug_frame    0x00000000     0x1cc8
 .debug_frame   0x00000000       0x90 CMakeFiles/stm32pg.elf.dir/Core/Src/main.c.obj
 .debug_frame   0x00000090       0x68 CMakeFiles/stm32pg.elf.dir/Core/Src/stm32h7xx_hal_msp.c.obj
 .debug_frame   0x000000f8       0xc0 CMakeFiles/stm32pg.elf.dir/Core/Src/stm32h7xx_it.c.obj
 .debug_frame   0x000001b8       0x40 CMakeFiles/stm32pg.elf.dir/Core/Src/system_stm32h7xx.c.obj
 .debug_frame   0x000001f8      0x360 CMakeFiles/stm32pg.elf.dir/Drivers/STM32H7xx_HAL_Driver/Src/stm32h7xx_hal.c.obj
 .debug_frame   0x00000558      0x158 CMakeFiles/stm32pg.elf.dir/Drivers/STM32H7xx_HAL_Driver/Src/stm32h7xx_hal_cortex.c.obj
 .debug_frame   0x000006b0      0x1fc CMakeFiles/stm32pg.elf.dir/Drivers/STM32H7xx_HAL_Driver/Src/stm32h7xx_hal_dma.c.obj
 .debug_frame   0x000008ac       0xd0 CMakeFiles/stm32pg.elf.dir/Drivers/STM32H7xx_HAL_Driver/Src/stm32h7xx_hal_gpio.c.obj
 .debug_frame   0x0000097c      0x2f4 CMakeFiles/stm32pg.elf.dir/Drivers/STM32H7xx_HAL_Driver/Src/stm32h7xx_hal_pwr_ex.c.obj
 .debug_frame   0x00000c70      0x188 CMakeFiles/stm32pg.elf.dir/Drivers/STM32H7xx_HAL_Driver/Src/stm32h7xx_hal_rcc.c.obj
 .debug_frame   0x00000df8      0x284 CMakeFiles/stm32pg.elf.dir/Drivers/STM32H7xx_HAL_Driver/Src/stm32h7xx_hal_rcc_ex.c.obj
 .debug_frame   0x0000107c      0x680 CMakeFiles/stm32pg.elf.dir/Drivers/STM32H7xx_HAL_Driver/Src/stm32h7xx_hal_uart.c.obj
 .debug_frame   0x000016fc      0x1c8 CMakeFiles/stm32pg.elf.dir/Drivers/STM32H7xx_HAL_Driver/Src/stm32h7xx_hal_uart_ex.c.obj
 .debug_frame   0x000018c4       0x60 CMakeFiles/stm32pg.elf.dir/sys/Src/delay.c.obj
 .debug_frame   0x00001924       0x70 CMakeFiles/stm32pg.elf.dir/sys/Src/sys.c.obj
 .debug_frame   0x00001994       0x40 CMakeFiles/stm32pg.elf.dir/sys/Src/usart.c.obj
 .debug_frame   0x000019d4       0x4c e:/stm/gcc-arm-none-eabi-10.3-2021.10-win32/gcc-arm-none-eabi-10.3-2021.10/bin/../lib/gcc/arm-none-eabi/10.3.1/thumb/v7e-m/nofp\libgcc.a(_arm_addsubsf3.o)
 .debug_frame   0x00001a20       0x38 e:/stm/gcc-arm-none-eabi-10.3-2021.10-win32/gcc-arm-none-eabi-10.3-2021.10/bin/../lib/gcc/arm-none-eabi/10.3.1/thumb/v7e-m/nofp\libgcc.a(_arm_muldivsf3.o)
 .debug_frame   0x00001a58       0x24 e:/stm/gcc-arm-none-eabi-10.3-2021.10-win32/gcc-arm-none-eabi-10.3-2021.10/bin/../lib/gcc/arm-none-eabi/10.3.1/thumb/v7e-m/nofp\libgcc.a(_arm_fixunssfsi.o)
 .debug_frame   0x00001a7c       0x2c e:/stm/gcc-arm-none-eabi-10.3-2021.10-win32/gcc-arm-none-eabi-10.3-2021.10/bin/../lib/gcc/arm-none-eabi/10.3.1/thumb/v7e-m/nofp\libgcc.a(_aeabi_uldivmod.o)
 .debug_frame   0x00001aa8       0x34 e:/stm/gcc-arm-none-eabi-10.3-2021.10-win32/gcc-arm-none-eabi-10.3-2021.10/bin/../lib/gcc/arm-none-eabi/10.3.1/thumb/v7e-m/nofp\libgcc.a(_udivmoddi4.o)
 .debug_frame   0x00001adc       0x2c e:/stm/gcc-arm-none-eabi-10.3-2021.10-win32/gcc-arm-none-eabi-10.3-2021.10/bin/../lib/gcc/arm-none-eabi/10.3.1/../../../../arm-none-eabi/lib/thumb/v7e-m/nofp\libg.a(lib_a-init.o)
 .debug_frame   0x00001b08       0x2c e:/stm/gcc-arm-none-eabi-10.3-2021.10-win32/gcc-arm-none-eabi-10.3-2021.10/bin/../lib/gcc/arm-none-eabi/10.3.1/../../../../arm-none-eabi/lib/thumb/v7e-m/nofp\libg.a(lib_a-memset.o)
 .debug_frame   0x00001b34       0x5c e:/stm/gcc-arm-none-eabi-10.3-2021.10-win32/gcc-arm-none-eabi-10.3-2021.10/bin/../lib/gcc/arm-none-eabi/10.3.1/../../../../arm-none-eabi/lib/thumb/v7e-m/nofp\libg.a(lib_a-__call_atexit.o)
 .debug_frame   0x00001b90       0x20 e:/stm/gcc-arm-none-eabi-10.3-2021.10-win32/gcc-arm-none-eabi-10.3-2021.10/bin/../lib/gcc/arm-none-eabi/10.3.1/../../../../arm-none-eabi/lib/thumb/v7e-m/nofp\libg.a(lib_a-atexit.o)
 .debug_frame   0x00001bb0       0x34 e:/stm/gcc-arm-none-eabi-10.3-2021.10-win32/gcc-arm-none-eabi-10.3-2021.10/bin/../lib/gcc/arm-none-eabi/10.3.1/../../../../arm-none-eabi/lib/thumb/v7e-m/nofp\libg.a(lib_a-fini.o)
 .debug_frame   0x00001be4       0xb0 e:/stm/gcc-arm-none-eabi-10.3-2021.10-win32/gcc-arm-none-eabi-10.3-2021.10/bin/../lib/gcc/arm-none-eabi/10.3.1/../../../../arm-none-eabi/lib/thumb/v7e-m/nofp\libg.a(lib_a-lock.o)
 .debug_frame   0x00001c94       0x34 e:/stm/gcc-arm-none-eabi-10.3-2021.10-win32/gcc-arm-none-eabi-10.3-2021.10/bin/../lib/gcc/arm-none-eabi/10.3.1/../../../../arm-none-eabi/lib/thumb/v7e-m/nofp\libg.a(lib_a-__atexit.o)

.debug_loc      0x00000000     0xbae5
 .debug_loc     0x00000000       0x64 CMakeFiles/stm32pg.elf.dir/Core/Src/stm32h7xx_hal_msp.c.obj
 .debug_loc     0x00000064       0x30 CMakeFiles/stm32pg.elf.dir/Core/Src/stm32h7xx_it.c.obj
 .debug_loc     0x00000094      0x21e CMakeFiles/stm32pg.elf.dir/Core/Src/system_stm32h7xx.c.obj
 .debug_loc     0x000002b2      0x3fa CMakeFiles/stm32pg.elf.dir/Drivers/STM32H7xx_HAL_Driver/Src/stm32h7xx_hal.c.obj
 .debug_loc     0x000006ac      0x726 CMakeFiles/stm32pg.elf.dir/Drivers/STM32H7xx_HAL_Driver/Src/stm32h7xx_hal_cortex.c.obj
 .debug_loc     0x00000dd2      0xe96 CMakeFiles/stm32pg.elf.dir/Drivers/STM32H7xx_HAL_Driver/Src/stm32h7xx_hal_dma.c.obj
 .debug_loc     0x00001c68      0x3c6 CMakeFiles/stm32pg.elf.dir/Drivers/STM32H7xx_HAL_Driver/Src/stm32h7xx_hal_gpio.c.obj
 .debug_loc     0x0000202e      0x4df CMakeFiles/stm32pg.elf.dir/Drivers/STM32H7xx_HAL_Driver/Src/stm32h7xx_hal_pwr_ex.c.obj
 .debug_loc     0x0000250d      0x996 CMakeFiles/stm32pg.elf.dir/Drivers/STM32H7xx_HAL_Driver/Src/stm32h7xx_hal_rcc.c.obj
 .debug_loc     0x00002ea3     0x1fbe CMakeFiles/stm32pg.elf.dir/Drivers/STM32H7xx_HAL_Driver/Src/stm32h7xx_hal_rcc_ex.c.obj
 .debug_loc     0x00004e61     0x5d4e CMakeFiles/stm32pg.elf.dir/Drivers/STM32H7xx_HAL_Driver/Src/stm32h7xx_hal_uart.c.obj
 .debug_loc     0x0000abaf      0xba5 CMakeFiles/stm32pg.elf.dir/Drivers/STM32H7xx_HAL_Driver/Src/stm32h7xx_hal_uart_ex.c.obj
 .debug_loc     0x0000b754      0x157 CMakeFiles/stm32pg.elf.dir/sys/Src/delay.c.obj
 .debug_loc     0x0000b8ab      0x1c1 CMakeFiles/stm32pg.elf.dir/sys/Src/sys.c.obj
 .debug_loc     0x0000ba6c       0x79 CMakeFiles/stm32pg.elf.dir/sys/Src/usart.c.obj
