Archive member included to satisfy reference by file (symbol)

e:/stm/gcc-arm-none-eabi-10.3-2021.10-win32/gcc-arm-none-eabi-10.3-2021.10/bin/../lib/gcc/arm-none-eabi/10.3.1/thumb/v7e-m/nofp\libgcc.a(_arm_mulsf3.o)
                              CMakeFiles/stm32pg.elf.dir/Core/Src/system_stm32h7xx.c.obj (__aeabi_fmul)
e:/stm/gcc-arm-none-eabi-10.3-2021.10-win32/gcc-arm-none-eabi-10.3-2021.10/bin/../lib/gcc/arm-none-eabi/10.3.1/thumb/v7e-m/nofp\libgcc.a(_arm_addsubsf3.o)
                              CMakeFiles/stm32pg.elf.dir/Core/Src/system_stm32h7xx.c.obj (__aeabi_fadd)
e:/stm/gcc-arm-none-eabi-10.3-2021.10-win32/gcc-arm-none-eabi-10.3-2021.10/bin/../lib/gcc/arm-none-eabi/10.3.1/thumb/v7e-m/nofp\libgcc.a(_arm_muldivsf3.o)
                              CMakeFiles/stm32pg.elf.dir/Core/Src/system_stm32h7xx.c.obj (__aeabi_fdiv)
e:/stm/gcc-arm-none-eabi-10.3-2021.10-win32/gcc-arm-none-eabi-10.3-2021.10/bin/../lib/gcc/arm-none-eabi/10.3.1/thumb/v7e-m/nofp\libgcc.a(_arm_fixunssfsi.o)
                              CMakeFiles/stm32pg.elf.dir/Core/Src/system_stm32h7xx.c.obj (__aeabi_f2uiz)
e:/stm/gcc-arm-none-eabi-10.3-2021.10-win32/gcc-arm-none-eabi-10.3-2021.10/bin/../lib/gcc/arm-none-eabi/10.3.1/../../../../arm-none-eabi/lib/thumb/v7e-m/nofp\libg.a(lib_a-errno.o)
                              CMakeFiles/stm32pg.elf.dir/Core/Src/syscalls.c.obj (__errno)
e:/stm/gcc-arm-none-eabi-10.3-2021.10-win32/gcc-arm-none-eabi-10.3-2021.10/bin/../lib/gcc/arm-none-eabi/10.3.1/../../../../arm-none-eabi/lib/thumb/v7e-m/nofp\libg.a(lib_a-exit.o)
                              e:/stm/gcc-arm-none-eabi-10.3-2021.10-win32/gcc-arm-none-eabi-10.3-2021.10/bin/../lib/gcc/arm-none-eabi/10.3.1/../../../../arm-none-eabi/lib/thumb/v7e-m/nofp/crt0.o (exit)
e:/stm/gcc-arm-none-eabi-10.3-2021.10-win32/gcc-arm-none-eabi-10.3-2021.10/bin/../lib/gcc/arm-none-eabi/10.3.1/../../../../arm-none-eabi/lib/thumb/v7e-m/nofp\libg.a(lib_a-impure.o)
                              e:/stm/gcc-arm-none-eabi-10.3-2021.10-win32/gcc-arm-none-eabi-10.3-2021.10/bin/../lib/gcc/arm-none-eabi/10.3.1/../../../../arm-none-eabi/lib/thumb/v7e-m/nofp\libg.a(lib_a-exit.o) (_global_impure_ptr)
e:/stm/gcc-arm-none-eabi-10.3-2021.10-win32/gcc-arm-none-eabi-10.3-2021.10/bin/../lib/gcc/arm-none-eabi/10.3.1/../../../../arm-none-eabi/lib/thumb/v7e-m/nofp\libg.a(lib_a-init.o)
                              e:/stm/gcc-arm-none-eabi-10.3-2021.10-win32/gcc-arm-none-eabi-10.3-2021.10/bin/../lib/gcc/arm-none-eabi/10.3.1/../../../../arm-none-eabi/lib/thumb/v7e-m/nofp/crt0.o (__libc_init_array)
e:/stm/gcc-arm-none-eabi-10.3-2021.10-win32/gcc-arm-none-eabi-10.3-2021.10/bin/../lib/gcc/arm-none-eabi/10.3.1/../../../../arm-none-eabi/lib/thumb/v7e-m/nofp\libg.a(lib_a-memset.o)
                              e:/stm/gcc-arm-none-eabi-10.3-2021.10-win32/gcc-arm-none-eabi-10.3-2021.10/bin/../lib/gcc/arm-none-eabi/10.3.1/../../../../arm-none-eabi/lib/thumb/v7e-m/nofp/crt0.o (memset)
e:/stm/gcc-arm-none-eabi-10.3-2021.10-win32/gcc-arm-none-eabi-10.3-2021.10/bin/../lib/gcc/arm-none-eabi/10.3.1/../../../../arm-none-eabi/lib/thumb/v7e-m/nofp\libg.a(lib_a-__call_atexit.o)
                              e:/stm/gcc-arm-none-eabi-10.3-2021.10-win32/gcc-arm-none-eabi-10.3-2021.10/bin/../lib/gcc/arm-none-eabi/10.3.1/../../../../arm-none-eabi/lib/thumb/v7e-m/nofp\libg.a(lib_a-exit.o) (__call_exitprocs)
e:/stm/gcc-arm-none-eabi-10.3-2021.10-win32/gcc-arm-none-eabi-10.3-2021.10/bin/../lib/gcc/arm-none-eabi/10.3.1/../../../../arm-none-eabi/lib/thumb/v7e-m/nofp\libg.a(lib_a-atexit.o)
                              e:/stm/gcc-arm-none-eabi-10.3-2021.10-win32/gcc-arm-none-eabi-10.3-2021.10/bin/../lib/gcc/arm-none-eabi/10.3.1/../../../../arm-none-eabi/lib/thumb/v7e-m/nofp\libg.a(lib_a-__call_atexit.o) (atexit)
e:/stm/gcc-arm-none-eabi-10.3-2021.10-win32/gcc-arm-none-eabi-10.3-2021.10/bin/../lib/gcc/arm-none-eabi/10.3.1/../../../../arm-none-eabi/lib/thumb/v7e-m/nofp\libg.a(lib_a-fini.o)
                              e:/stm/gcc-arm-none-eabi-10.3-2021.10-win32/gcc-arm-none-eabi-10.3-2021.10/bin/../lib/gcc/arm-none-eabi/10.3.1/../../../../arm-none-eabi/lib/thumb/v7e-m/nofp\libg.a(lib_a-__call_atexit.o) (__libc_fini_array)
e:/stm/gcc-arm-none-eabi-10.3-2021.10-win32/gcc-arm-none-eabi-10.3-2021.10/bin/../lib/gcc/arm-none-eabi/10.3.1/../../../../arm-none-eabi/lib/thumb/v7e-m/nofp\libg.a(lib_a-lock.o)
                              e:/stm/gcc-arm-none-eabi-10.3-2021.10-win32/gcc-arm-none-eabi-10.3-2021.10/bin/../lib/gcc/arm-none-eabi/10.3.1/../../../../arm-none-eabi/lib/thumb/v7e-m/nofp\libg.a(lib_a-__call_atexit.o) (__retarget_lock_acquire_recursive)
e:/stm/gcc-arm-none-eabi-10.3-2021.10-win32/gcc-arm-none-eabi-10.3-2021.10/bin/../lib/gcc/arm-none-eabi/10.3.1/../../../../arm-none-eabi/lib/thumb/v7e-m/nofp\libg.a(lib_a-__atexit.o)
[...]
Memory Configuration

Name             Origin             Length             Attributes
FLASH            0x08000000         0x00200000         xr
DTCMRAM          0x20000000         0x00020000         xrw
RAM_D1           0x24000000         0x00080000         xrw
RAM_D2           0x30000000         0x00048000         xrw
RAM_D3           0x38000000         0x00010000         xrw
ITCMRAM          0x00000000         0x00010000         xrw
*default*        0x00000000         0xffffffff

Linker script and memory map

LOAD e:/stm/gcc-arm-none-eabi-10.3-2021.10-win32/gcc-arm-none-eabi-10.3-2021.10/bin/../lib/gcc/arm-none-eabi/10.3.1/thumb/v7e-m/nofp/crti.o
LOAD e:/stm/gcc-arm-none-eabi-10.3-2021.10-win32/gcc-arm-none-eabi-10.3-2021.10/bin/../lib/gcc/arm-none-eabi/10.3.1/thumb/v7e-m/nofp/crtbegin.o
LOAD e:/stm/gcc-arm-none-eabi-10.3-2021.10-win32/gcc-arm-none-eabi-10.3-2021.10/bin/../lib/gcc/arm-none-eabi/10.3.1/../../../../arm-none-eabi/lib/thumb/v7e-m/nofp/crt0.o
LOAD CMakeFiles/stm32pg.elf.dir/Core/Src/main.c.obj
LOAD CMakeFiles/stm32pg.elf.dir/Core/Src/stm32h7xx_hal_msp.c.obj
LOAD CMakeFiles/stm32pg.elf.dir/Core/Src/stm32h7xx_it.c.obj
LOAD CMakeFiles/stm32pg.elf.dir/Core/Src/syscalls.c.obj
LOAD CMakeFiles/stm32pg.elf.dir/Core/Src/sysmem.c.obj
LOAD CMakeFiles/stm32pg.elf.dir/Core/Src/system_stm32h7xx.c.obj
LOAD CMakeFiles/stm32pg.elf.dir/Core/Startup/startup_stm32h743iitx.s.obj
LOAD CMakeFiles/stm32pg.elf.dir/Drivers/STM32H7xx_HAL_Driver/Src/stm32h7xx_hal.c.obj
LOAD CMakeFiles/stm32pg.elf.dir/Drivers/STM32H7xx_HAL_Driver/Src/stm32h7xx_hal_cortex.c.obj
LOAD CMakeFiles/stm32pg.elf.dir/Drivers/STM32H7xx_HAL_Driver/Src/stm32h7xx_hal_dma.c.obj
LOAD CMakeFiles/stm32pg.elf.dir/Drivers/STM32H7xx_HAL_Driver/Src/stm32h7xx_hal_dma_ex.c.obj
LOAD CMakeFiles/stm32pg.elf.dir/Drivers/STM32H7xx_HAL_Driver/Src/stm32h7xx_hal_exti.c.obj
LOAD CMakeFiles/stm32pg.elf.dir/Drivers/STM32H7xx_HAL_Driver/Src/stm32h7xx_hal_flash.c.obj
LOAD CMakeFiles/stm32pg.elf.dir/Drivers/STM32H7xx_HAL_Driver/Src/stm32h7xx_hal_flash_ex.c.obj
LOAD CMakeFiles/stm32pg.elf.dir/Drivers/STM32H7xx_HAL_Driver/Src/stm32h7xx_hal_gpio.c.obj
LOAD CMakeFiles/stm32pg.elf.dir/Drivers/STM32H7xx_HAL_Driver/Src/stm32h7xx_hal_hsem.c.obj
LOAD CMakeFiles/stm32pg.elf.dir/Drivers/STM32H7xx_HAL_Driver/Src/stm32h7xx_hal_i2c.c.obj
LOAD CMakeFiles/stm32pg.elf.dir/Drivers/STM32H7xx_HAL_Driver/Src/stm32h7xx_hal_i2c_ex.c.obj
LOAD CMakeFiles/stm32pg.elf.dir/Drivers/STM32H7xx_HAL_Driver/Src/stm32h7xx_hal_mdma.c.obj
LOAD CMakeFiles/stm32pg.elf.dir/Drivers/STM32H7xx_HAL_Driver/Src/stm32h7xx_hal_pwr.c.obj
LOAD CMakeFiles/stm32pg.elf.dir/Drivers/STM32H7xx_HAL_Driver/Src/stm32h7xx_hal_pwr_ex.c.obj
LOAD CMakeFiles/stm32pg.elf.dir/Drivers/STM32H7xx_HAL_Driver/Src/stm32h7xx_hal_rcc.c.obj
LOAD CMakeFiles/stm32pg.elf.dir/Drivers/STM32H7xx_HAL_Driver/Src/stm32h7xx_hal_rcc_ex.c.obj
LOAD CMakeFiles/stm32pg.elf.dir/Drivers/STM32H7xx_HAL_Driver/Src/stm32h7xx_hal_tim.c.obj
LOAD CMakeFiles/stm32pg.elf.dir/Drivers/STM32H7xx_HAL_Driver/Src/stm32h7xx_hal_tim_ex.c.obj
START GROUP
LOAD e:/stm/gcc-arm-none-eabi-10.3-2021.10-win32/gcc-arm-none-eabi-10.3-2021.10/bin/../lib/gcc/arm-none-eabi/10.3.1/thumb/v7e-m/nofp\libgcc.a
LOAD e:/stm/gcc-arm-none-eabi-10.3-2021.10-win32/gcc-arm-none-eabi-10.3-2021.10/bin/../lib/gcc/arm-none-eabi/10.3.1/../../../../arm-none-eabi/lib/thumb/v7e-m/nofp\libg.a
LOAD e:/stm/gcc-arm-none-eabi-10.3-2021.10-win32/gcc-arm-none-eabi-10.3-2021.10/bin/../lib/gcc/arm-none-eabi/10.3.1/../../../../arm-none-eabi/lib/thumb/v7e-m/nofp\libc.a
END GROUP
LOAD e:/stm/gcc-arm-none-eabi-10.3-2021.10-win32/gcc-arm-none-eabi-10.3-2021.10/bin/../lib/gcc/arm-none-eabi/10.3.1/thumb/v7e-m/nofp/crtend.o
LOAD e:/stm/gcc-arm-none-eabi-10.3-2021.10-win32/gcc-arm-none-eabi-10.3-2021.10/bin/../lib/gcc/arm-none-eabi/10.3.1/thumb/v7e-m/nofp/crtn.o
                0x24080000                _estack = (ORIGIN (RAM_D1) + LENGTH (RAM_D1))
                0x00000200                _Min_Heap_Size = 0x200
                0x00000400                _Min_Stack_Size = 0x400

.isr_vector     0x08000000      0x298
                0x08000000                . = ALIGN (0x4)
 *(.isr_vector)
 .isr_vector    0x08000000      0x298 CMakeFiles/stm32pg.elf.dir/Core/Startup/startup_stm32h743iitx.s.obj
                0x08000000                g_pfnVectors
                0x08000298                . = ALIGN (0x4)

.text           0x08000298     0x175c
                0x08000298                . = ALIGN (0x4)
 *(.text)
 .text          0x08000298       0x40 e:/stm/gcc-arm-none-eabi-10.3-2021.10-win32/gcc-arm-none-eabi-10.3-2021.10/bin/../lib/gcc/arm-none-eabi/10.3.1/thumb/v7e-m/nofp/crtbegin.o
 .text          0x080002d8      0x21c e:/stm/gcc-arm-none-eabi-10.3-2021.10-win32/gcc-arm-none-eabi-10.3-2021.10/bin/../lib/gcc/arm-none-eabi/10.3.1/thumb/v7e-m/nofp\libgcc.a(_arm_addsubsf3.o)
                0x080002d8                __aeabi_frsub
                0x080002e0                __subsf3
                0x080002e0                __aeabi_fsub
                0x080002e4                __aeabi_fadd
                0x080002e4                __addsf3
                0x08000444                __aeabi_ui2f
                0x08000444                __floatunsisf
                0x0800044c                __aeabi_i2f
                0x0800044c                __floatsisf
                0x08000468                __aeabi_ul2f
                0x08000468                __floatundisf
                0x08000478                __aeabi_l2f
                0x08000478                __floatdisf
 .text          0x080004f4      0x2a0 e:/stm/gcc-arm-none-eabi-10.3-2021.10-win32/gcc-arm-none-eabi-10.3-2021.10/bin/../lib/gcc/arm-none-eabi/10.3.1/thumb/v7e-m/nofp\libgcc.a(_arm_muldivsf3.o)
                0x080004f4                __mulsf3
                0x080004f4                __aeabi_fmul
                0x0800065c                __aeabi_fdiv
                0x0800065c                __divsf3
 .text          0x08000794       0x40 e:/stm/gcc-arm-none-eabi-10.3-2021.10-win32/gcc-arm-none-eabi-10.3-2021.10/bin/../lib/gcc/arm-none-eabi/10.3.1/thumb/v7e-m/nofp\libgcc.a(_arm_fixunssfsi.o)
                0x08000794                __fixunssfsi
                0x08000794                __aeabi_f2uiz
 *(.text*)
 .text.MPU_Config
                0x080007d4       0x52 CMakeFiles/stm32pg.elf.dir/Core/Src/main.c.obj
 .text.Error_Handler
                0x08000826        0x4 CMakeFiles/stm32pg.elf.dir/Core/Src/main.c.obj
                0x08000826                Error_Handler
 *fill*         0x0800082a        0x2 
 .text.SystemClock_Config
                0x0800082c       0xa4 CMakeFiles/stm32pg.elf.dir/Core/Src/main.c.obj
                0x0800082c                SystemClock_Config
 .text.main     0x080008d0       0x10 CMakeFiles/stm32pg.elf.dir/Core/Src/main.c.obj
                0x080008d0                main
 .text.HAL_MspInit
                0x080008e0       0x24 CMakeFiles/stm32pg.elf.dir/Core/Src/stm32h7xx_hal_msp.c.obj
                0x080008e0                HAL_MspInit
 .text.NMI_Handler
                0x08000904        0x2 CMakeFiles/stm32pg.elf.dir/Core/Src/stm32h7xx_it.c.obj
                0x08000904                NMI_Handler
 .text.HardFault_Handler
                0x08000906        0x2 CMakeFiles/stm32pg.elf.dir/Core/Src/stm32h7xx_it.c.obj
                0x08000906                HardFault_Handler
 .text.MemManage_Handler
                0x08000908        0x2 CMakeFiles/stm32pg.elf.dir/Core/Src/stm32h7xx_it.c.obj
                0x08000908                MemManage_Handler
 .text.BusFault_Handler
                0x0800090a        0x2 CMakeFiles/stm32pg.elf.dir/Core/Src/stm32h7xx_it.c.obj
                0x0800090a                BusFault_Handler
 .text.UsageFault_Handler
                0x0800090c        0x2 CMakeFiles/stm32pg.elf.dir/Core/Src/stm32h7xx_it.c.obj
                0x0800090c                UsageFault_Handler
 .text.SVC_Handler
                0x0800090e        0x2 CMakeFiles/stm32pg.elf.dir/Core/Src/stm32h7xx_it.c.obj
                0x0800090e                SVC_Handler
 .text.DebugMon_Handler
                0x08000910        0x2 CMakeFiles/stm32pg.elf.dir/Core/Src/stm32h7xx_it.c.obj
                0x08000910                DebugMon_Handler
 .text.PendSV_Handler
                0x08000912        0x2 CMakeFiles/stm32pg.elf.dir/Core/Src/stm32h7xx_it.c.obj
                0x08000912                PendSV_Handler
 .text.SysTick_Handler
                0x08000914        0x8 CMakeFiles/stm32pg.elf.dir/Core/Src/stm32h7xx_it.c.obj
                0x08000914                SysTick_Handler
 .text.SystemInit
                0x0800091c       0xbc CMakeFiles/stm32pg.elf.dir/Core/Src/system_stm32h7xx.c.obj
                0x0800091c                SystemInit
 .text.Reset_Handler
                0x080009d8       0x50 CMakeFiles/stm32pg.elf.dir/Core/Startup/startup_stm32h743iitx.s.obj
                0x080009d8                Reset_Handler
 .text.Default_Handler
                0x08000a28        0x2 CMakeFiles/stm32pg.elf.dir/Core/Startup/startup_stm32h743iitx.s.obj
                0x08000a28                RTC_Alarm_IRQHandler
                0x08000a28                EXTI2_IRQHandler
                0x08000a28                TIM8_CC_IRQHandler
                0x08000a28                HRTIM1_Master_IRQHandler
                0x08000a28                UART8_IRQHandler
                0x08000a28                SPI4_IRQHandler
                0x08000a28                TIM1_CC_IRQHandler
                0x08000a28                BDMA_Channel6_IRQHandler
                0x08000a28                DMA2_Stream5_IRQHandler
                0x08000a28                HRTIM1_FLT_IRQHandler
                0x08000a28                JPEG_IRQHandler
                0x08000a28                DMA1_Stream5_IRQHandler
                0x08000a28                BDMA_Channel1_IRQHandler
                0x08000a28                HRTIM1_TIMD_IRQHandler
                0x08000a28                TAMP_STAMP_IRQHandler
                0x08000a28                EXTI3_IRQHandler
                0x08000a28                LPTIM4_IRQHandler
                0x08000a28                TIM8_TRG_COM_TIM14_IRQHandler
                0x08000a28                LPTIM2_IRQHandler
                0x08000a28                DFSDM1_FLT1_IRQHandler
                0x08000a28                DMAMUX2_OVR_IRQHandler
                0x08000a28                TIM8_UP_TIM13_IRQHandler
                0x08000a28                I2C3_ER_IRQHandler
                0x08000a28                DFSDM1_FLT2_IRQHandler
                0x08000a28                MDMA_IRQHandler
                0x08000a28                LPTIM3_IRQHandler
                0x08000a28                HSEM1_IRQHandler
                0x08000a28                EXTI0_IRQHandler
                0x08000a28                I2C2_EV_IRQHandler
                0x08000a28                DMA1_Stream2_IRQHandler
                0x08000a28                FPU_IRQHandler
                0x08000a28                OTG_HS_WKUP_IRQHandler
                0x08000a28                FDCAN1_IT1_IRQHandler
                0x08000a28                LTDC_ER_IRQHandler
                0x08000a28                DMA2_Stream2_IRQHandler
                0x08000a28                HRTIM1_TIME_IRQHandler
                0x08000a28                SPI1_IRQHandler
                0x08000a28                TIM6_DAC_IRQHandler
                0x08000a28                DCMI_IRQHandler
                0x08000a28                HRTIM1_TIMC_IRQHandler
                0x08000a28                DMA2_Stream3_IRQHandler
                0x08000a28                SAI2_IRQHandler
                0x08000a28                DFSDM1_FLT3_IRQHandler
                0x08000a28                USART6_IRQHandler
                0x08000a28                TIM17_IRQHandler
                0x08000a28                USART3_IRQHandler
                0x08000a28                BDMA_Channel7_IRQHandler
                0x08000a28                LPTIM5_IRQHandler
                0x08000a28                UART5_IRQHandler
                0x08000a28                ADC3_IRQHandler
                0x08000a28                DMA2_Stream0_IRQHandler
                0x08000a28                TIM4_IRQHandler
                0x08000a28                BDMA_Channel2_IRQHandler
                0x08000a28                QUADSPI_IRQHandler
                0x08000a28                I2C1_EV_IRQHandler
                0x08000a28                DMA1_Stream6_IRQHandler
                0x08000a28                DMAMUX1_OVR_IRQHandler
                0x08000a28                DMA1_Stream1_IRQHandler
                0x08000a28                TIM16_IRQHandler
                0x08000a28                UART4_IRQHandler
                0x08000a28                BDMA_Channel5_IRQHandler
                0x08000a28                TIM3_IRQHandler
                0x08000a28                RCC_IRQHandler
                0x08000a28                TIM8_BRK_TIM12_IRQHandler
                0x08000a28                TIM1_TRG_COM_IRQHandler
                0x08000a28                Default_Handler
                0x08000a28                ECC_IRQHandler
                0x08000a28                CEC_IRQHandler
                0x08000a28                EXTI15_10_IRQHandler
                0x08000a28                BDMA_Channel0_IRQHandler
                0x08000a28                ADC_IRQHandler
                0x08000a28                DMA1_Stream7_IRQHandler
                0x08000a28                HRTIM1_TIMA_IRQHandler
                0x08000a28                SPI5_IRQHandler
                0x08000a28                TIM7_IRQHandler
                0x08000a28                SDMMC1_IRQHandler
                0x08000a28                TIM5_IRQHandler
                0x08000a28                DMA2_Stream7_IRQHandler
                0x08000a28                TIM15_IRQHandler
                0x08000a28                PVD_AVD_IRQHandler
                0x08000a28                I2C3_EV_IRQHandler
                0x08000a28                EXTI9_5_IRQHandler
                0x08000a28                RTC_WKUP_IRQHandler
                0x08000a28                LTDC_IRQHandler
                0x08000a28                SAI3_IRQHandler
                0x08000a28                ETH_WKUP_IRQHandler
                0x08000a28                SPDIF_RX_IRQHandler
                0x08000a28                SPI2_IRQHandler
                0x08000a28                OTG_HS_EP1_IN_IRQHandler
                0x08000a28                DMA1_Stream0_IRQHandler
                0x08000a28                CRS_IRQHandler
                0x08000a28                EXTI4_IRQHandler
                0x08000a28                RNG_IRQHandler
                0x08000a28                HRTIM1_TIMB_IRQHandler
                0x08000a28                FDCAN2_IT1_IRQHandler
                0x08000a28                ETH_IRQHandler
                0x08000a28                TIM1_UP_IRQHandler
                0x08000a28                BDMA_Channel4_IRQHandler
                0x08000a28                OTG_HS_EP1_OUT_IRQHandler
                0x08000a28                WWDG_IRQHandler
                0x08000a28                SPI6_IRQHandler
                0x08000a28                MDIOS_IRQHandler
                0x08000a28                I2C4_EV_IRQHandler
                0x08000a28                FDCAN2_IT0_IRQHandler
                0x08000a28                LPUART1_IRQHandler
                0x08000a28                FDCAN1_IT0_IRQHandler
                0x08000a28                TIM2_IRQHandler
                0x08000a28                OTG_FS_WKUP_IRQHandler
                0x08000a28                OTG_HS_IRQHandler
                0x08000a28                DMA2D_IRQHandler
                0x08000a28                TIM1_BRK_IRQHandler
                0x08000a28                EXTI1_IRQHandler
                0x08000a28                SDMMC2_IRQHandler
                0x08000a28                OTG_FS_EP1_OUT_IRQHandler
                0x08000a28                BDMA_Channel3_IRQHandler
                0x08000a28                UART7_IRQHandler
                0x08000a28                MDIOS_WKUP_IRQHandler
                0x08000a28                USART2_IRQHandler
                0x08000a28                DFSDM1_FLT0_IRQHandler
                0x08000a28                SAI4_IRQHandler
                0x08000a28                I2C2_ER_IRQHandler
                0x08000a28                DMA2_Stream1_IRQHandler
                0x08000a28                FLASH_IRQHandler
                0x08000a28                DMA2_Stream4_IRQHandler
                0x08000a28                USART1_IRQHandler
                0x08000a28                OTG_FS_IRQHandler
                0x08000a28                SPI3_IRQHandler
                0x08000a28                WAKEUP_PIN_IRQHandler
                0x08000a28                DMA1_Stream4_IRQHandler
                0x08000a28                OTG_FS_EP1_IN_IRQHandler
                0x08000a28                I2C1_ER_IRQHandler
                0x08000a28                FMC_IRQHandler
                0x08000a28                FDCAN_CAL_IRQHandler
                0x08000a28                SWPMI1_IRQHandler
                0x08000a28                COMP1_IRQHandler
                0x08000a28                LPTIM1_IRQHandler
                0x08000a28                I2C4_ER_IRQHandler
                0x08000a28                DMA2_Stream6_IRQHandler
                0x08000a28                SAI1_IRQHandler
                0x08000a28                DMA1_Stream3_IRQHandler
 *fill*         0x08000a2a        0x2 
 .text.HAL_InitTick
                0x08000a2c       0x50 CMakeFiles/stm32pg.elf.dir/Drivers/STM32H7xx_HAL_Driver/Src/stm32h7xx_hal.c.obj
                0x08000a2c                HAL_InitTick
 .text.HAL_Init
                0x08000a7c       0x5c CMakeFiles/stm32pg.elf.dir/Drivers/STM32H7xx_HAL_Driver/Src/stm32h7xx_hal.c.obj
                0x08000a7c                HAL_Init
 .text.HAL_IncTick
                0x08000ad8       0x18 CMakeFiles/stm32pg.elf.dir/Drivers/STM32H7xx_HAL_Driver/Src/stm32h7xx_hal.c.obj
                0x08000ad8                HAL_IncTick
 .text.HAL_GetTick
                0x08000af0        0xc CMakeFiles/stm32pg.elf.dir/Drivers/STM32H7xx_HAL_Driver/Src/stm32h7xx_hal.c.obj
                0x08000af0                HAL_GetTick
 .text.HAL_GetREVID
                0x08000afc        0xc CMakeFiles/stm32pg.elf.dir/Drivers/STM32H7xx_HAL_Driver/Src/stm32h7xx_hal.c.obj
                0x08000afc                HAL_GetREVID
 .text.HAL_NVIC_SetPriorityGrouping
                0x08000b08       0x24 CMakeFiles/stm32pg.elf.dir/Drivers/STM32H7xx_HAL_Driver/Src/stm32h7xx_hal_cortex.c.obj
                0x08000b08                HAL_NVIC_SetPriorityGrouping
 .text.HAL_NVIC_SetPriority
                0x08000b2c       0x6c CMakeFiles/stm32pg.elf.dir/Drivers/STM32H7xx_HAL_Driver/Src/stm32h7xx_hal_cortex.c.obj
                0x08000b2c                HAL_NVIC_SetPriority
 .text.HAL_SYSTICK_Config
                0x08000b98       0x28 CMakeFiles/stm32pg.elf.dir/Drivers/STM32H7xx_HAL_Driver/Src/stm32h7xx_hal_cortex.c.obj
                0x08000b98                HAL_SYSTICK_Config
 .text.HAL_MPU_Disable
                0x08000bc0       0x1c CMakeFiles/stm32pg.elf.dir/Drivers/STM32H7xx_HAL_Driver/Src/stm32h7xx_hal_cortex.c.obj
                0x08000bc0                HAL_MPU_Disable
 .text.HAL_MPU_Enable
                0x08000bdc       0x20 CMakeFiles/stm32pg.elf.dir/Drivers/STM32H7xx_HAL_Driver/Src/stm32h7xx_hal_cortex.c.obj
                0x08000bdc                HAL_MPU_Enable
 .text.HAL_MPU_ConfigRegion
                0x08000bfc       0x60 CMakeFiles/stm32pg.elf.dir/Drivers/STM32H7xx_HAL_Driver/Src/stm32h7xx_hal_cortex.c.obj
                0x08000bfc                HAL_MPU_ConfigRegion
 .text.HAL_PWREx_ConfigSupply
                0x08000c5c       0x54 CMakeFiles/stm32pg.elf.dir/Drivers/STM32H7xx_HAL_Driver/Src/stm32h7xx_hal_pwr_ex.c.obj
                0x08000c5c                HAL_PWREx_ConfigSupply
 .text.HAL_RCC_OscConfig
                0x08000cb0      0x6b4 CMakeFiles/stm32pg.elf.dir/Drivers/STM32H7xx_HAL_Driver/Src/stm32h7xx_hal_rcc.c.obj
                0x08000cb0                HAL_RCC_OscConfig
 .text.HAL_RCC_GetSysClockFreq
                0x08001364      0x218 CMakeFiles/stm32pg.elf.dir/Drivers/STM32H7xx_HAL_Driver/Src/stm32h7xx_hal_rcc.c.obj
                0x08001364                HAL_RCC_GetSysClockFreq
 .text.HAL_RCC_ClockConfig
                0x0800157c      0x294 CMakeFiles/stm32pg.elf.dir/Drivers/STM32H7xx_HAL_Driver/Src/stm32h7xx_hal_rcc.c.obj
                0x0800157c                HAL_RCC_ClockConfig
 .text.__libc_init_array
                0x08001810       0x48 e:/stm/gcc-arm-none-eabi-10.3-2021.10-win32/gcc-arm-none-eabi-10.3-2021.10/bin/../lib/gcc/arm-none-eabi/10.3.1/../../../../arm-none-eabi/lib/thumb/v7e-m/nofp\libg.a(lib_a-init.o)
                0x08001810                __libc_init_array
 .text.memset   0x08001858       0xa4 e:/stm/gcc-arm-none-eabi-10.3-2021.10-win32/gcc-arm-none-eabi-10.3-2021.10/bin/../lib/gcc/arm-none-eabi/10.3.1/../../../../arm-none-eabi/lib/thumb/v7e-m/nofp\libg.a(lib_a-memset.o)
                0x08001858                memset
 .text.startup.register_fini
                0x080018fc       0x14 e:/stm/gcc-arm-none-eabi-10.3-2021.10-win32/gcc-arm-none-eabi-10.3-2021.10/bin/../lib/gcc/arm-none-eabi/10.3.1/../../../../arm-none-eabi/lib/thumb/v7e-m/nofp\libg.a(lib_a-__call_atexit.o)
 .text.atexit   0x08001910        0xc e:/stm/gcc-arm-none-eabi-10.3-2021.10-win32/gcc-arm-none-eabi-10.3-2021.10/bin/../lib/gcc/arm-none-eabi/10.3.1/../../../../arm-none-eabi/lib/thumb/v7e-m/nofp\libg.a(lib_a-atexit.o)
                0x08001910                atexit
 .text.__libc_fini_array
                0x0800191c       0x2c e:/stm/gcc-arm-none-eabi-10.3-2021.10-win32/gcc-arm-none-eabi-10.3-2021.10/bin/../lib/gcc/arm-none-eabi/10.3.1/../../../../arm-none-eabi/lib/thumb/v7e-m/nofp\libg.a(lib_a-fini.o)
                0x0800191c                __libc_fini_array
 .text.__retarget_lock_acquire_recursive
                0x08001948        0x4 e:/stm/gcc-arm-none-eabi-10.3-2021.10-win32/gcc-arm-none-eabi-10.3-2021.10/bin/../lib/gcc/arm-none-eabi/10.3.1/../../../../arm-none-eabi/lib/thumb/v7e-m/nofp\libg.a(lib_a-lock.o)
                0x08001948                __retarget_lock_acquire_recursive
 .text.__retarget_lock_release_recursive
                0x0800194c        0x4 e:/stm/gcc-arm-none-eabi-10.3-2021.10-win32/gcc-arm-none-eabi-10.3-2021.10/bin/../lib/gcc/arm-none-eabi/10.3.1/../../../../arm-none-eabi/lib/thumb/v7e-m/nofp\libg.a(lib_a-lock.o)
                0x0800194c                __retarget_lock_release_recursive
 .text.__register_exitproc
                0x08001950       0x8c e:/stm/gcc-arm-none-eabi-10.3-2021.10-win32/gcc-arm-none-eabi-10.3-2021.10/bin/../lib/gcc/arm-none-eabi/10.3.1/../../../../arm-none-eabi/lib/thumb/v7e-m/nofp\libg.a(lib_a-__atexit.o)
                0x08001950                __register_exitproc
 *(.glue_7)
 .glue_7        0x080019dc        0x0 linker stubs
 *(.glue_7t)
 .glue_7t       0x080019dc        0x0 linker stubs
 *(.eh_frame)
 .eh_frame      0x080019dc        0x0 e:/stm/gcc-arm-none-eabi-10.3-2021.10-win32/gcc-arm-none-eabi-10.3-2021.10/bin/../lib/gcc/arm-none-eabi/10.3.1/thumb/v7e-m/nofp/crtbegin.o
 *(.init)
 .init          0x080019dc        0x4 e:/stm/gcc-arm-none-eabi-10.3-2021.10-win32/gcc-arm-none-eabi-10.3-2021.10/bin/../lib/gcc/arm-none-eabi/10.3.1/thumb/v7e-m/nofp/crti.o
                0x080019dc                _init
 .init          0x080019e0        0x8 e:/stm/gcc-arm-none-eabi-10.3-2021.10-win32/gcc-arm-none-eabi-10.3-2021.10/bin/../lib/gcc/arm-none-eabi/10.3.1/thumb/v7e-m/nofp/crtn.o
 *(.fini)
 .fini          0x080019e8        0x4 e:/stm/gcc-arm-none-eabi-10.3-2021.10-win32/gcc-arm-none-eabi-10.3-2021.10/bin/../lib/gcc/arm-none-eabi/10.3.1/thumb/v7e-m/nofp/crti.o
                0x080019e8                _fini
 .fini          0x080019ec        0x8 e:/stm/gcc-arm-none-eabi-10.3-2021.10-win32/gcc-arm-none-eabi-10.3-2021.10/bin/../lib/gcc/arm-none-eabi/10.3.1/thumb/v7e-m/nofp/crtn.o
                0x080019f4                . = ALIGN (0x4)
                0x080019f4                _etext = .

.vfp11_veneer   0x080019f4        0x0
 .vfp11_veneer  0x080019f4        0x0 linker stubs

.v4_bx          0x080019f4        0x0
 .v4_bx         0x080019f4        0x0 linker stubs

.iplt           0x080019f4        0x0
 .iplt          0x080019f4        0x0 e:/stm/gcc-arm-none-eabi-10.3-2021.10-win32/gcc-arm-none-eabi-10.3-2021.10/bin/../lib/gcc/arm-none-eabi/10.3.1/thumb/v7e-m/nofp/crtbegin.o

.rodata         0x080019f4       0x14
                0x080019f4                . = ALIGN (0x4)
 *(.rodata)
 *(.rodata*)
 .rodata.D1CorePrescTable
                0x080019f4       0x10 CMakeFiles/stm32pg.elf.dir/Core/Src/system_stm32h7xx.c.obj
                0x080019f4                D1CorePrescTable
 .rodata._global_impure_ptr
                0x08001a04        0x4 e:/stm/gcc-arm-none-eabi-10.3-2021.10-win32/gcc-arm-none-eabi-10.3-2021.10/bin/../lib/gcc/arm-none-eabi/10.3.1/../../../../arm-none-eabi/lib/thumb/v7e-m/nofp\libg.a(lib_a-impure.o)
                0x08001a04                _global_impure_ptr
                0x08001a08                . = ALIGN (0x4)

.rel.dyn        0x08001a08        0x0
 .rel.iplt      0x08001a08        0x0 e:/stm/gcc-arm-none-eabi-10.3-2021.10-win32/gcc-arm-none-eabi-10.3-2021.10/bin/../lib/gcc/arm-none-eabi/10.3.1/thumb/v7e-m/nofp/crtbegin.o

.ARM.extab
 *(.ARM.extab* .gnu.linkonce.armextab.*)

.ARM            0x08001a08        0x0
                0x08001a08                __exidx_start = .
 *(.ARM.exidx*)
                0x08001a08                __exidx_end = .

.preinit_array  0x08001a08        0x0
                0x08001a08                PROVIDE (__preinit_array_start = .)
 *(.preinit_array*)
                0x08001a08                PROVIDE (__preinit_array_end = .)

.init_array     0x08001a08        0x8
                0x08001a08                PROVIDE (__init_array_start = .)
 *(SORT_BY_NAME(.init_array.*))
 .init_array.00000
                0x08001a08        0x4 e:/stm/gcc-arm-none-eabi-10.3-2021.10-win32/gcc-arm-none-eabi-10.3-2021.10/bin/../lib/gcc/arm-none-eabi/10.3.1/../../../../arm-none-eabi/lib/thumb/v7e-m/nofp\libg.a(lib_a-__call_atexit.o)
 *(.init_array*)
 .init_array    0x08001a0c        0x4 e:/stm/gcc-arm-none-eabi-10.3-2021.10-win32/gcc-arm-none-eabi-10.3-2021.10/bin/../lib/gcc/arm-none-eabi/10.3.1/thumb/v7e-m/nofp/crtbegin.o
                0x08001a10                PROVIDE (__init_array_end = .)

.fini_array     0x08001a10        0x4
                0x08001a10                PROVIDE (__fini_array_start = .)
 *(SORT_BY_NAME(.fini_array.*))
 *(.fini_array*)
 .fini_array    0x08001a10        0x4 e:/stm/gcc-arm-none-eabi-10.3-2021.10-win32/gcc-arm-none-eabi-10.3-2021.10/bin/../lib/gcc/arm-none-eabi/10.3.1/thumb/v7e-m/nofp/crtbegin.o
                0x08001a14                PROVIDE (__fini_array_end = .)
                0x08001a14                _sidata = LOADADDR (.data)

.data           0x24000000      0x43c load address 0x08001a14
                0x24000000                . = ALIGN (0x4)
                0x24000000                _sdata = .
 *(.data)
 *(.data*)
 .data.SystemCoreClock
                0x24000000        0x4 CMakeFiles/stm32pg.elf.dir/Core/Src/system_stm32h7xx.c.obj
                0x24000000                SystemCoreClock
 .data.SystemD2Clock
                0x24000004        0x4 CMakeFiles/stm32pg.elf.dir/Core/Src/system_stm32h7xx.c.obj
                0x24000004                SystemD2Clock
 .data.uwTickFreq
                0x24000008        0x1 CMakeFiles/stm32pg.elf.dir/Drivers/STM32H7xx_HAL_Driver/Src/stm32h7xx_hal.c.obj
                0x24000008                uwTickFreq
 *fill*         0x24000009        0x3 
 .data.uwTickPrio
                0x2400000c        0x4 CMakeFiles/stm32pg.elf.dir/Drivers/STM32H7xx_HAL_Driver/Src/stm32h7xx_hal.c.obj
                0x2400000c                uwTickPrio
 .data.impure_data
                0x24000010      0x428 e:/stm/gcc-arm-none-eabi-10.3-2021.10-win32/gcc-arm-none-eabi-10.3-2021.10/bin/../lib/gcc/arm-none-eabi/10.3.1/../../../../arm-none-eabi/lib/thumb/v7e-m/nofp\libg.a(lib_a-impure.o)
 .data.__atexit_recursive_mutex
                0x24000438        0x4 e:/stm/gcc-arm-none-eabi-10.3-2021.10-win32/gcc-arm-none-eabi-10.3-2021.10/bin/../lib/gcc/arm-none-eabi/10.3.1/../../../../arm-none-eabi/lib/thumb/v7e-m/nofp\libg.a(lib_a-__call_atexit.o)
                0x24000438                __atexit_recursive_mutex
 *(.RamFunc)
 *(.RamFunc*)
                0x2400043c                . = ALIGN (0x4)
                0x2400043c                _edata = .

.igot.plt       0x2400043c        0x0 load address 0x08001e50
 .igot.plt      0x2400043c        0x0 e:/stm/gcc-arm-none-eabi-10.3-2021.10-win32/gcc-arm-none-eabi-10.3-2021.10/bin/../lib/gcc/arm-none-eabi/10.3.1/thumb/v7e-m/nofp/crtbegin.o
                0x2400043c                . = ALIGN (0x4)

.bss            0x2400043c       0x24 load address 0x08001e50
                0x2400043c                _sbss = .
                0x2400043c                __bss_start__ = _sbss
 *(.bss)
 .bss           0x2400043c       0x1c e:/stm/gcc-arm-none-eabi-10.3-2021.10-win32/gcc-arm-none-eabi-10.3-2021.10/bin/../lib/gcc/arm-none-eabi/10.3.1/thumb/v7e-m/nofp/crtbegin.o
 *(.bss*)
 .bss.uwTick    0x24000458        0x4 CMakeFiles/stm32pg.elf.dir/Drivers/STM32H7xx_HAL_Driver/Src/stm32h7xx_hal.c.obj
                0x24000458                uwTick
 .bss.__lock___atexit_recursive_mutex
                0x2400045c        0x1 e:/stm/gcc-arm-none-eabi-10.3-2021.10-win32/gcc-arm-none-eabi-10.3-2021.10/bin/../lib/gcc/arm-none-eabi/10.3.1/../../../../arm-none-eabi/lib/thumb/v7e-m/nofp\libg.a(lib_a-lock.o)
                0x2400045c                __lock___atexit_recursive_mutex
 *(COMMON)
                0x24000460                . = ALIGN (0x4)
 *fill*         0x2400045d        0x3 
                0x24000460                _ebss = .
                0x24000460                __bss_end__ = _ebss

._user_heap_stack
                0x24000460      0x600 load address 0x08001e50
                0x24000460                . = ALIGN (0x8)
                [!provide]                PROVIDE (end = .)
                0x24000460                PROVIDE (_end = .)
                0x24000660                . = (. + _Min_Heap_Size)
 *fill*         0x24000460      0x200 
                0x24000a60                . = (. + _Min_Stack_Size)
 *fill*         0x24000660      0x400 
                0x24000a60                . = ALIGN (0x8)

/DISCARD/
 libc.a(*)
 libm.a(*)
 libgcc.a(*)

.ARM.attributes
                0x00000000       0x2a
 *(.ARM.attributes)
 .ARM.attributes
                0x00000000       0x1e e:/stm/gcc-arm-none-eabi-10.3-2021.10-win32/gcc-arm-none-eabi-10.3-2021.10/bin/../lib/gcc/arm-none-eabi/10.3.1/thumb/v7e-m/nofp/crti.o
 .ARM.attributes
                0x0000001e       0x2e e:/stm/gcc-arm-none-eabi-10.3-2021.10-win32/gcc-arm-none-eabi-10.3-2021.10/bin/../lib/gcc/arm-none-eabi/10.3.1/thumb/v7e-m/nofp/crtbegin.o
 .ARM.attributes
                0x0000004c       0x2e CMakeFiles/stm32pg.elf.dir/Core/Src/main.c.obj
 .ARM.attributes
                0x0000007a       0x2e CMakeFiles/stm32pg.elf.dir/Core/Src/stm32h7xx_hal_msp.c.obj
 .ARM.attributes
                0x000000a8       0x2e CMakeFiles/stm32pg.elf.dir/Core/Src/stm32h7xx_it.c.obj
 .ARM.attributes
                0x000000d6       0x2e CMakeFiles/stm32pg.elf.dir/Core/Src/system_stm32h7xx.c.obj
 .ARM.attributes
                0x00000104       0x21 CMakeFiles/stm32pg.elf.dir/Core/Startup/startup_stm32h743iitx.s.obj
 .ARM.attributes
                0x00000125       0x2e CMakeFiles/stm32pg.elf.dir/Drivers/STM32H7xx_HAL_Driver/Src/stm32h7xx_hal.c.obj
 .ARM.attributes
                0x00000153       0x2e CMakeFiles/stm32pg.elf.dir/Drivers/STM32H7xx_HAL_Driver/Src/stm32h7xx_hal_cortex.c.obj
 .ARM.attributes
                0x00000181       0x2e CMakeFiles/stm32pg.elf.dir/Drivers/STM32H7xx_HAL_Driver/Src/stm32h7xx_hal_pwr_ex.c.obj
 .ARM.attributes
                0x000001af       0x2e CMakeFiles/stm32pg.elf.dir/Drivers/STM32H7xx_HAL_Driver/Src/stm32h7xx_hal_rcc.c.obj
 .ARM.attributes
                0x000001dd       0x1e e:/stm/gcc-arm-none-eabi-10.3-2021.10-win32/gcc-arm-none-eabi-10.3-2021.10/bin/../lib/gcc/arm-none-eabi/10.3.1/thumb/v7e-m/nofp\libgcc.a(_arm_addsubsf3.o)
 .ARM.attributes
                0x000001fb       0x1e e:/stm/gcc-arm-none-eabi-10.3-2021.10-win32/gcc-arm-none-eabi-10.3-2021.10/bin/../lib/gcc/arm-none-eabi/10.3.1/thumb/v7e-m/nofp\libgcc.a(_arm_muldivsf3.o)
 .ARM.attributes
                0x00000219       0x1e e:/stm/gcc-arm-none-eabi-10.3-2021.10-win32/gcc-arm-none-eabi-10.3-2021.10/bin/../lib/gcc/arm-none-eabi/10.3.1/thumb/v7e-m/nofp\libgcc.a(_arm_fixunssfsi.o)
 .ARM.attributes
                0x00000237       0x2e e:/stm/gcc-arm-none-eabi-10.3-2021.10-win32/gcc-arm-none-eabi-10.3-2021.10/bin/../lib/gcc/arm-none-eabi/10.3.1/../../../../arm-none-eabi/lib/thumb/v7e-m/nofp\libg.a(lib_a-impure.o)
 .ARM.attributes
                0x00000265       0x2e e:/stm/gcc-arm-none-eabi-10.3-2021.10-win32/gcc-arm-none-eabi-10.3-2021.10/bin/../lib/gcc/arm-none-eabi/10.3.1/../../../../arm-none-eabi/lib/thumb/v7e-m/nofp\libg.a(lib_a-init.o)
 .ARM.attributes
                0x00000293       0x2e e:/stm/gcc-arm-none-eabi-10.3-2021.10-win32/gcc-arm-none-eabi-10.3-2021.10/bin/../lib/gcc/arm-none-eabi/10.3.1/../../../../arm-none-eabi/lib/thumb/v7e-m/nofp\libg.a(lib_a-memset.o)
 .ARM.attributes
                0x000002c1       0x2e e:/stm/gcc-arm-none-eabi-10.3-2021.10-win32/gcc-arm-none-eabi-10.3-2021.10/bin/../lib/gcc/arm-none-eabi/10.3.1/../../../../arm-none-eabi/lib/thumb/v7e-m/nofp\libg.a(lib_a-__call_atexit.o)
 .ARM.attributes
                0x000002ef       0x2e e:/stm/gcc-arm-none-eabi-10.3-2021.10-win32/gcc-arm-none-eabi-10.3-2021.10/bin/../lib/gcc/arm-none-eabi/10.3.1/../../../../arm-none-eabi/lib/thumb/v7e-m/nofp\libg.a(lib_a-atexit.o)
 .ARM.attributes
                0x0000031d       0x2e e:/stm/gcc-arm-none-eabi-10.3-2021.10-win32/gcc-arm-none-eabi-10.3-2021.10/bin/../lib/gcc/arm-none-eabi/10.3.1/../../../../arm-none-eabi/lib/thumb/v7e-m/nofp\libg.a(lib_a-fini.o)
 .ARM.attributes
                0x0000034b       0x2e e:/stm/gcc-arm-none-eabi-10.3-2021.10-win32/gcc-arm-none-eabi-10.3-2021.10/bin/../lib/gcc/arm-none-eabi/10.3.1/../../../../arm-none-eabi/lib/thumb/v7e-m/nofp\libg.a(lib_a-lock.o)
 .ARM.attributes
                0x00000379       0x2e e:/stm/gcc-arm-none-eabi-10.3-2021.10-win32/gcc-arm-none-eabi-10.3-2021.10/bin/../lib/gcc/arm-none-eabi/10.3.1/../../../../arm-none-eabi/lib/thumb/v7e-m/nofp\libg.a(lib_a-__atexit.o)
 .ARM.attributes
                0x000003a7       0x1e e:/stm/gcc-arm-none-eabi-10.3-2021.10-win32/gcc-arm-none-eabi-10.3-2021.10/bin/../lib/gcc/arm-none-eabi/10.3.1/thumb/v7e-m/nofp/crtn.o
OUTPUT(stm32pg.elf elf32-littlearm)
LOAD linker stubs
LOAD e:/stm/gcc-arm-none-eabi-10.3-2021.10-win32/gcc-arm-none-eabi-10.3-2021.10/bin/../lib/gcc/arm-none-eabi/10.3.1/../../../../arm-none-eabi/lib/thumb/v7e-m/nofp\libc.a
LOAD e:/stm/gcc-arm-none-eabi-10.3-2021.10-win32/gcc-arm-none-eabi-10.3-2021.10/bin/../lib/gcc/arm-none-eabi/10.3.1/../../../../arm-none-eabi/lib/thumb/v7e-m/nofp\libm.a
LOAD e:/stm/gcc-arm-none-eabi-10.3-2021.10-win32/gcc-arm-none-eabi-10.3-2021.10/bin/../lib/gcc/arm-none-eabi/10.3.1/thumb/v7e-m/nofp\libgcc.a

.debug_info     0x00000000     0x6974
 .debug_info    0x00000000      0x7fb CMakeFiles/stm32pg.elf.dir/Core/Src/main.c.obj
 .debug_info    0x000007fb      0x4a0 CMakeFiles/stm32pg.elf.dir/Core/Src/stm32h7xx_hal_msp.c.obj
 .debug_info    0x00000c9b      0x145 CMakeFiles/stm32pg.elf.dir/Core/Src/stm32h7xx_it.c.obj
 .debug_info    0x00000de0      0xaf5 CMakeFiles/stm32pg.elf.dir/Core/Src/system_stm32h7xx.c.obj
 .debug_info    0x000018d5       0x22 CMakeFiles/stm32pg.elf.dir/Core/Startup/startup_stm32h743iitx.s.obj
 .debug_info    0x000018f7     0x16a0 CMakeFiles/stm32pg.elf.dir/Drivers/STM32H7xx_HAL_Driver/Src/stm32h7xx_hal.c.obj
 .debug_info    0x00002f97     0x13ea CMakeFiles/stm32pg.elf.dir/Drivers/STM32H7xx_HAL_Driver/Src/stm32h7xx_hal_cortex.c.obj
 .debug_info    0x00004381     0x122e CMakeFiles/stm32pg.elf.dir/Drivers/STM32H7xx_HAL_Driver/Src/stm32h7xx_hal_pwr_ex.c.obj
 .debug_info    0x000055af     0x13c5 CMakeFiles/stm32pg.elf.dir/Drivers/STM32H7xx_HAL_Driver/Src/stm32h7xx_hal_rcc.c.obj

.debug_abbrev   0x00000000      0xfcb
 .debug_abbrev  0x00000000      0x1fa CMakeFiles/stm32pg.elf.dir/Core/Src/main.c.obj
 .debug_abbrev  0x000001fa       0xd7 CMakeFiles/stm32pg.elf.dir/Core/Src/stm32h7xx_hal_msp.c.obj
 .debug_abbrev  0x000002d1       0x7e CMakeFiles/stm32pg.elf.dir/Core/Src/stm32h7xx_it.c.obj
 .debug_abbrev  0x0000034f      0x162 CMakeFiles/stm32pg.elf.dir/Core/Src/system_stm32h7xx.c.obj
 .debug_abbrev  0x000004b1       0x12 CMakeFiles/stm32pg.elf.dir/Core/Startup/startup_stm32h743iitx.s.obj
 .debug_abbrev  0x000004c3      0x264 CMakeFiles/stm32pg.elf.dir/Drivers/STM32H7xx_HAL_Driver/Src/stm32h7xx_hal.c.obj
 .debug_abbrev  0x00000727      0x37d CMakeFiles/stm32pg.elf.dir/Drivers/STM32H7xx_HAL_Driver/Src/stm32h7xx_hal_cortex.c.obj
 .debug_abbrev  0x00000aa4      0x29b CMakeFiles/stm32pg.elf.dir/Drivers/STM32H7xx_HAL_Driver/Src/stm32h7xx_hal_pwr_ex.c.obj
 .debug_abbrev  0x00000d3f      0x28c CMakeFiles/stm32pg.elf.dir/Drivers/STM32H7xx_HAL_Driver/Src/stm32h7xx_hal_rcc.c.obj

.debug_aranges  0x00000000      0x530
 .debug_aranges
                0x00000000       0x38 CMakeFiles/stm32pg.elf.dir/Core/Src/main.c.obj
 .debug_aranges
                0x00000038       0x20 CMakeFiles/stm32pg.elf.dir/Core/Src/stm32h7xx_hal_msp.c.obj
 .debug_aranges
                0x00000058       0x60 CMakeFiles/stm32pg.elf.dir/Core/Src/stm32h7xx_it.c.obj
 .debug_aranges
                0x000000b8       0x28 CMakeFiles/stm32pg.elf.dir/Core/Src/system_stm32h7xx.c.obj
 .debug_aranges
                0x000000e0       0x28 CMakeFiles/stm32pg.elf.dir/Core/Startup/startup_stm32h743iitx.s.obj
 .debug_aranges
                0x00000108      0x198 CMakeFiles/stm32pg.elf.dir/Drivers/STM32H7xx_HAL_Driver/Src/stm32h7xx_hal.c.obj
 .debug_aranges
                0x000002a0       0xb0 CMakeFiles/stm32pg.elf.dir/Drivers/STM32H7xx_HAL_Driver/Src/stm32h7xx_hal_cortex.c.obj
 .debug_aranges
                0x00000350      0x158 CMakeFiles/stm32pg.elf.dir/Drivers/STM32H7xx_HAL_Driver/Src/stm32h7xx_hal_pwr_ex.c.obj
 .debug_aranges
                0x000004a8       0x88 CMakeFiles/stm32pg.elf.dir/Drivers/STM32H7xx_HAL_Driver/Src/stm32h7xx_hal_rcc.c.obj

.debug_ranges   0x00000000      0x5d8
 .debug_ranges  0x00000000       0x28 CMakeFiles/stm32pg.elf.dir/Core/Src/main.c.obj
 .debug_ranges  0x00000028       0x10 CMakeFiles/stm32pg.elf.dir/Core/Src/stm32h7xx_hal_msp.c.obj
 .debug_ranges  0x00000038       0x50 CMakeFiles/stm32pg.elf.dir/Core/Src/stm32h7xx_it.c.obj
 .debug_ranges  0x00000088       0x18 CMakeFiles/stm32pg.elf.dir/Core/Src/system_stm32h7xx.c.obj
 .debug_ranges  0x000000a0       0x20 CMakeFiles/stm32pg.elf.dir/Core/Startup/startup_stm32h743iitx.s.obj
 .debug_ranges  0x000000c0      0x188 CMakeFiles/stm32pg.elf.dir/Drivers/STM32H7xx_HAL_Driver/Src/stm32h7xx_hal.c.obj
 .debug_ranges  0x00000248      0x100 CMakeFiles/stm32pg.elf.dir/Drivers/STM32H7xx_HAL_Driver/Src/stm32h7xx_hal_cortex.c.obj
 .debug_ranges  0x00000348      0x1a8 CMakeFiles/stm32pg.elf.dir/Drivers/STM32H7xx_HAL_Driver/Src/stm32h7xx_hal_pwr_ex.c.obj
 .debug_ranges  0x000004f0       0xe8 CMakeFiles/stm32pg.elf.dir/Drivers/STM32H7xx_HAL_Driver/Src/stm32h7xx_hal_rcc.c.obj

.debug_line     0x00000000     0x3ae5
 .debug_line    0x00000000      0x3f5 CMakeFiles/stm32pg.elf.dir/Core/Src/main.c.obj
 .debug_line    0x000003f5      0x19a CMakeFiles/stm32pg.elf.dir/Core/Src/stm32h7xx_hal_msp.c.obj
 .debug_line    0x0000058f      0x18d CMakeFiles/stm32pg.elf.dir/Core/Src/stm32h7xx_it.c.obj
 .debug_line    0x0000071c      0x45e CMakeFiles/stm32pg.elf.dir/Core/Src/system_stm32h7xx.c.obj
 .debug_line    0x00000b7a       0x90 CMakeFiles/stm32pg.elf.dir/Core/Startup/startup_stm32h743iitx.s.obj
 .debug_line    0x00000c0a      0x918 CMakeFiles/stm32pg.elf.dir/Drivers/STM32H7xx_HAL_Driver/Src/stm32h7xx_hal.c.obj
 .debug_line    0x00001522      0x7e3 CMakeFiles/stm32pg.elf.dir/Drivers/STM32H7xx_HAL_Driver/Src/stm32h7xx_hal_cortex.c.obj
 .debug_line    0x00001d05      0xad8 CMakeFiles/stm32pg.elf.dir/Drivers/STM32H7xx_HAL_Driver/Src/stm32h7xx_hal_pwr_ex.c.obj
 .debug_line    0x000027dd     0x1308 CMakeFiles/stm32pg.elf.dir/Drivers/STM32H7xx_HAL_Driver/Src/stm32h7xx_hal_rcc.c.obj

.debug_str      0x00000000     0x2678
 .debug_str     0x00000000      0x547 CMakeFiles/stm32pg.elf.dir/Core/Src/main.c.obj
                                0x5b0 (size before relaxing)
 .debug_str     0x00000547      0x22a CMakeFiles/stm32pg.elf.dir/Core/Src/stm32h7xx_hal_msp.c.obj
                                0x3f6 (size before relaxing)
 .debug_str     0x00000771       0xbf CMakeFiles/stm32pg.elf.dir/Core/Src/stm32h7xx_it.c.obj
                                0x243 (size before relaxing)
 .debug_str     0x00000830      0x28b CMakeFiles/stm32pg.elf.dir/Core/Src/system_stm32h7xx.c.obj
                                0x66c (size before relaxing)
 .debug_str     0x00000abb       0x3e CMakeFiles/stm32pg.elf.dir/Core/Startup/startup_stm32h743iitx.s.obj
                                 0x5b (size before relaxing)
 .debug_str     0x00000af9      0xf50 CMakeFiles/stm32pg.elf.dir/Drivers/STM32H7xx_HAL_Driver/Src/stm32h7xx_hal.c.obj
                               0x14b4 (size before relaxing)
 .debug_str     0x00001a49      0x4bd CMakeFiles/stm32pg.elf.dir/Drivers/STM32H7xx_HAL_Driver/Src/stm32h7xx_hal_cortex.c.obj
                               0x104c (size before relaxing)
 .debug_str     0x00001f06      0x55c CMakeFiles/stm32pg.elf.dir/Drivers/STM32H7xx_HAL_Driver/Src/stm32h7xx_hal_pwr_ex.c.obj
                                0xa4d (size before relaxing)
 .debug_str     0x00002462      0x216 CMakeFiles/stm32pg.elf.dir/Drivers/STM32H7xx_HAL_Driver/Src/stm32h7xx_hal_rcc.c.obj
                                0xa60 (size before relaxing)

.comment        0x00000000       0x49
 .comment       0x00000000       0x49 CMakeFiles/stm32pg.elf.dir/Core/Src/main.c.obj
                                 0x4a (size before relaxing)
 .comment       0x00000049       0x4a CMakeFiles/stm32pg.elf.dir/Core/Src/stm32h7xx_hal_msp.c.obj
 .comment       0x00000049       0x4a CMakeFiles/stm32pg.elf.dir/Core/Src/stm32h7xx_it.c.obj
 .comment       0x00000049       0x4a CMakeFiles/stm32pg.elf.dir/Core/Src/system_stm32h7xx.c.obj
 .comment       0x00000049       0x4a CMakeFiles/stm32pg.elf.dir/Drivers/STM32H7xx_HAL_Driver/Src/stm32h7xx_hal.c.obj
 .comment       0x00000049       0x4a CMakeFiles/stm32pg.elf.dir/Drivers/STM32H7xx_HAL_Driver/Src/stm32h7xx_hal_cortex.c.obj
 .comment       0x00000049       0x4a CMakeFiles/stm32pg.elf.dir/Drivers/STM32H7xx_HAL_Driver/Src/stm32h7xx_hal_pwr_ex.c.obj
 .comment       0x00000049       0x4a CMakeFiles/stm32pg.elf.dir/Drivers/STM32H7xx_HAL_Driver/Src/stm32h7xx_hal_rcc.c.obj

.debug_frame    0x00000000      0xd50
 .debug_frame   0x00000000       0x78 CMakeFiles/stm32pg.elf.dir/Core/Src/main.c.obj
 .debug_frame   0x00000078       0x28 CMakeFiles/stm32pg.elf.dir/Core/Src/stm32h7xx_hal_msp.c.obj
 .debug_frame   0x000000a0       0xa8 CMakeFiles/stm32pg.elf.dir/Core/Src/stm32h7xx_it.c.obj
 .debug_frame   0x00000148       0x40 CMakeFiles/stm32pg.elf.dir/Core/Src/system_stm32h7xx.c.obj
 .debug_frame   0x00000188      0x360 CMakeFiles/stm32pg.elf.dir/Drivers/STM32H7xx_HAL_Driver/Src/stm32h7xx_hal.c.obj
 .debug_frame   0x000004e8      0x158 CMakeFiles/stm32pg.elf.dir/Drivers/STM32H7xx_HAL_Driver/Src/stm32h7xx_hal_cortex.c.obj
 .debug_frame   0x00000640      0x2f4 CMakeFiles/stm32pg.elf.dir/Drivers/STM32H7xx_HAL_Driver/Src/stm32h7xx_hal_pwr_ex.c.obj
 .debug_frame   0x00000934      0x188 CMakeFiles/stm32pg.elf.dir/Drivers/STM32H7xx_HAL_Driver/Src/stm32h7xx_hal_rcc.c.obj
 .debug_frame   0x00000abc       0x4c e:/stm/gcc-arm-none-eabi-10.3-2021.10-win32/gcc-arm-none-eabi-10.3-2021.10/bin/../lib/gcc/arm-none-eabi/10.3.1/thumb/v7e-m/nofp\libgcc.a(_arm_addsubsf3.o)
 .debug_frame   0x00000b08       0x38 e:/stm/gcc-arm-none-eabi-10.3-2021.10-win32/gcc-arm-none-eabi-10.3-2021.10/bin/../lib/gcc/arm-none-eabi/10.3.1/thumb/v7e-m/nofp\libgcc.a(_arm_muldivsf3.o)
 .debug_frame   0x00000b40       0x24 e:/stm/gcc-arm-none-eabi-10.3-2021.10-win32/gcc-arm-none-eabi-10.3-2021.10/bin/../lib/gcc/arm-none-eabi/10.3.1/thumb/v7e-m/nofp\libgcc.a(_arm_fixunssfsi.o)
 .debug_frame   0x00000b64       0x2c e:/stm/gcc-arm-none-eabi-10.3-2021.10-win32/gcc-arm-none-eabi-10.3-2021.10/bin/../lib/gcc/arm-none-eabi/10.3.1/../../../../arm-none-eabi/lib/thumb/v7e-m/nofp\libg.a(lib_a-init.o)
 .debug_frame   0x00000b90       0x2c e:/stm/gcc-arm-none-eabi-10.3-2021.10-win32/gcc-arm-none-eabi-10.3-2021.10/bin/../lib/gcc/arm-none-eabi/10.3.1/../../../../arm-none-eabi/lib/thumb/v7e-m/nofp\libg.a(lib_a-memset.o)
 .debug_frame   0x00000bbc       0x5c e:/stm/gcc-arm-none-eabi-10.3-2021.10-win32/gcc-arm-none-eabi-10.3-2021.10/bin/../lib/gcc/arm-none-eabi/10.3.1/../../../../arm-none-eabi/lib/thumb/v7e-m/nofp\libg.a(lib_a-__call_atexit.o)
 .debug_frame   0x00000c18       0x20 e:/stm/gcc-arm-none-eabi-10.3-2021.10-win32/gcc-arm-none-eabi-10.3-2021.10/bin/../lib/gcc/arm-none-eabi/10.3.1/../../../../arm-none-eabi/lib/thumb/v7e-m/nofp\libg.a(lib_a-atexit.o)
 .debug_frame   0x00000c38       0x34 e:/stm/gcc-arm-none-eabi-10.3-2021.10-win32/gcc-arm-none-eabi-10.3-2021.10/bin/../lib/gcc/arm-none-eabi/10.3.1/../../../../arm-none-eabi/lib/thumb/v7e-m/nofp\libg.a(lib_a-fini.o)
 .debug_frame   0x00000c6c       0xb0 e:/stm/gcc-arm-none-eabi-10.3-2021.10-win32/gcc-arm-none-eabi-10.3-2021.10/bin/../lib/gcc/arm-none-eabi/10.3.1/../../../../arm-none-eabi/lib/thumb/v7e-m/nofp\libg.a(lib_a-lock.o)
 .debug_frame   0x00000d1c       0x34 e:/stm/gcc-arm-none-eabi-10.3-2021.10-win32/gcc-arm-none-eabi-10.3-2021.10/bin/../lib/gcc/arm-none-eabi/10.3.1/../../../../arm-none-eabi/lib/thumb/v7e-m/nofp\libg.a(lib_a-__atexit.o)

.debug_loc      0x00000000     0x1bb3
 .debug_loc     0x00000000      0x21e CMakeFiles/stm32pg.elf.dir/Core/Src/system_stm32h7xx.c.obj
 .debug_loc     0x0000021e      0x3fa CMakeFiles/stm32pg.elf.dir/Drivers/STM32H7xx_HAL_Driver/Src/stm32h7xx_hal.c.obj
 .debug_loc     0x00000618      0x726 CMakeFiles/stm32pg.elf.dir/Drivers/STM32H7xx_HAL_Driver/Src/stm32h7xx_hal_cortex.c.obj
 .debug_loc     0x00000d3e      0x4df CMakeFiles/stm32pg.elf.dir/Drivers/STM32H7xx_HAL_Driver/Src/stm32h7xx_hal_pwr_ex.c.obj
 .debug_loc     0x0000121d      0x996 CMakeFiles/stm32pg.elf.dir/Drivers/STM32H7xx_HAL_Driver/Src/stm32h7xx_hal_rcc.c.obj
